 wrkx86

 Timestamp is 6264f65f (Sun Apr 24 15:03:59 2022)

 Preferred load address is 00400000

 Start         Length     Name                   Class
 0001:00000000 00000158H .idata$5                CODE
 0001:00000180 0000b050H .rdata                  CODE
 0001:0000b1d0 00000050H .rdata$debug            CODE
 0001:0000b220 00000008H .rdata$sxdata           CODE
 0001:0000b230 00075659H .text                   CODE
 0001:00080890 00006079H .text$00                CODE
 0001:0008690c 0000027fH .text$01                CODE
 0002:00000000 000019d0H POOLCODE                CODE
 0003:00000000 00000668H MISYSPTE                CODE
 0004:00000000 00001a4eH POOLMI                  CODE
 0005:00000000 000092c4H .data                   DATA
 0005:00009300 00012ba0H .bss                    DATA
 0006:00000000 00000ac4H SPINLOCK                DATA
 0007:00000000 000e8c49H PAGE                    CODE
 0007:000e8c50 00002868H PAGECONST               CODE
 0007:000eb4b8 0000297bH _PAGE                   CODE
 0008:00000000 0000e7d7H PAGELK                  CODE
 0008:0000e7d8 00000088H PAGELKCONST             CODE
 0009:00000000 000144c2H PAGEVRFY                CODE
 000a:00000000 00003e1eH PAGEKD                  CODE
 000b:00000000 0000195fH PAGEWMI                 CODE
 000c:00000000 00001cd8H PAGEHDLS                CODE
 000d:00000000 00000d8aH PAGESPEC                CODE
 000e:00000000 0000c332H .edata                  DATA
 000f:00000000 000017b8H PAGEDATA                DATA
 0010:00000000 0000018cH PAGECONST               DATA
 0011:00000000 0000c031H PAGEKDD                 DATA
 0012:00000000 00001268H PAGEVRFD                DATA
 0013:00000000 000034c4H PAGEVRFC                DATA
 0014:00000000 00028ba8H INIT                    CODE
 0014:00028ba8 00000410H INIT                    CODE
 0014:00028fb8 00001a6fH INITCONST               CODE
 0014:0002aa28 00001660H INITDATA                CODE
 0014:0002c088 0000003cH .idata$2                CODE
 0014:0002c0c4 00000014H .idata$3                CODE
 0014:0002c0d8 00000158H .idata$4                CODE
 0014:0002c230 00000786H .idata$6                CODE
 0015:00000000 00000328H .rsrc$01                DATA
 0015:00000330 0001a800H .rsrc$02                DATA

  Address         Publics by Value              Rva+Base     Lib:Object

 0000:00000000       __except_list              00000000     <absolute>
 0000:00000002       ___safe_se_handler_count   00000002     <absolute>
 0000:00000800       _IDTLEN                    00000800     <absolute>
 0001:00000000       __imp__VidInitialize@4     00401000     bootvid:BOOTVID.dll
 0001:00000004       __imp__VidDisplayString@4  00401004     bootvid:BOOTVID.dll
 0001:00000008       __imp__VidSetTextColor@4   00401008     bootvid:BOOTVID.dll
 0001:0000000c       __imp__VidSolidColorFill@20 0040100c     bootvid:BOOTVID.dll
 0001:00000010       __imp__VidBitBlt@12        00401010     bootvid:BOOTVID.dll
 0001:00000014       __imp__VidBufferToScreenBlt@24 00401014     bootvid:BOOTVID.dll
 0001:00000018       __imp__VidScreenToBufferBlt@24 00401018     bootvid:BOOTVID.dll
 0001:0000001c       __imp__VidResetDisplay@4   0040101c     bootvid:BOOTVID.dll
 0001:00000020       __imp__VidCleanUp@0        00401020     bootvid:BOOTVID.dll
 0001:00000024       __imp__VidSetScrollRegion@16 00401024     bootvid:BOOTVID.dll
 0001:00000028       \177BOOTVID_NULL_THUNK_DATA 00401028     bootvid:BOOTVID.dll
 0001:0000002c       __imp__KeGetCurrentIrql@0  0040102c     hal:HAL.dll
 0001:00000030       __imp__KeQueryPerformanceCounter@4 00401030     hal:HAL.dll
 0001:00000034       __imp_@KeAcquireInStackQueuedSpinLockRaiseToSynch@8 00401034     hal:HAL.dll
 0001:00000038       __imp__HalInitSystem@8     00401038     hal:HAL.dll
 0001:0000003c       __imp__HalReportResourceUsage@0 0040103c     hal:HAL.dll
 0001:00000040       __imp__HalAllProcessorsStarted@0 00401040     hal:HAL.dll
 0001:00000044       __imp__HalQueryRealTimeClock@4 00401044     hal:HAL.dll
 0001:00000048       __imp__KeRaiseIrqlToDpcLevel@0 00401048     hal:HAL.dll
 0001:0000004c       __imp__HalAllocateAdapterChannel@16 0040104c     hal:HAL.dll
 0001:00000050       __imp__HalInitializeProcessor@8 00401050     hal:HAL.dll
 0001:00000054       __imp__HalHandleNMI@4      00401054     hal:HAL.dll
 0001:00000058       __imp__HalBeginSystemInterrupt@12 00401058     hal:HAL.dll
 0001:0000005c       __imp__HalEndSystemInterrupt@8 0040105c     hal:HAL.dll
 0001:00000060       __imp__HalCalibratePerformanceCounter@12 00401060     hal:HAL.dll
 0001:00000064       __imp__HalSetRealTimeClock@4 00401064     hal:HAL.dll
 0001:00000068       __imp_@HalRequestSoftwareInterrupt@4 00401068     hal:HAL.dll
 0001:0000006c       __imp__KeStallExecutionProcessor@4 0040106c     hal:HAL.dll
 0001:00000070       __imp_@HalSystemVectorDispatchEntry@12 00401070     hal:HAL.dll
 0001:00000074       __imp__HalDisableSystemInterrupt@8 00401074     hal:HAL.dll
 0001:00000078       __imp__HalEnableSystemInterrupt@12 00401078     hal:HAL.dll
 0001:0000007c       __imp__KeRaiseIrqlToSynchLevel@0 0040107c     hal:HAL.dll
 0001:00000080       __imp_@HalClearSoftwareInterrupt@4 00401080     hal:HAL.dll
 0001:00000084       __imp__HalRequestIpi@4     00401084     hal:HAL.dll
 0001:00000088       __imp__READ_PORT_UCHAR@4   00401088     hal:HAL.dll
 0001:0000008c       __imp__WRITE_PORT_UCHAR@8  0040108c     hal:HAL.dll
 0001:00000090       __imp__HalSetProfileInterval@4 00401090     hal:HAL.dll
 0001:00000094       __imp__HalStopProfileInterrupt@4 00401094     hal:HAL.dll
 0001:00000098       __imp_@KeAcquireQueuedSpinLockRaiseToSynch@4 00401098     hal:HAL.dll
 0001:0000009c       __imp_@KeAcquireSpinLockRaiseToSynch@4 0040109c     hal:HAL.dll
 0001:000000a0       __imp__KeFlushWriteBuffer@0 004010a0     hal:HAL.dll
 0001:000000a4       __imp__HalSetTimeIncrement@4 004010a4     hal:HAL.dll
 0001:000000a8       __imp__HalTranslateBusAddress@24 004010a8     hal:HAL.dll
 0001:000000ac       __imp__HalGetBusDataByOffset@24 004010ac     hal:HAL.dll
 0001:000000b0       __imp__HalSetBusDataByOffset@24 004010b0     hal:HAL.dll
 0001:000000b4       __imp__KeReleaseSpinLock@8 004010b4     hal:HAL.dll
 0001:000000b8       __imp__KeAcquireSpinLock@8 004010b8     hal:HAL.dll
 0001:000000bc       __imp__KeLowerIrql@4       004010bc     hal:HAL.dll
 0001:000000c0       __imp__KeRaiseIrql@8       004010c0     hal:HAL.dll
 0001:000000c4       __imp__HalGetEnvironmentVariable@12 004010c4     hal:HAL.dll
 0001:000000c8       __imp__HalStartNextProcessor@8 004010c8     hal:HAL.dll
 0001:000000cc       __imp__HalGetInterruptVector@24 004010cc     hal:HAL.dll
 0001:000000d0       __imp__READ_PORT_USHORT@4  004010d0     hal:HAL.dll
 0001:000000d4       __imp__READ_PORT_ULONG@4   004010d4     hal:HAL.dll
 0001:000000d8       __imp__WRITE_PORT_USHORT@8 004010d8     hal:HAL.dll
 0001:000000dc       __imp__WRITE_PORT_ULONG@8  004010dc     hal:HAL.dll
 0001:000000e0       __imp__HalReadDmaCounter@4 004010e0     hal:HAL.dll
 0001:000000e4       __imp__IoMapTransfer@24    004010e4     hal:HAL.dll
 0001:000000e8       __imp__IoFreeMapRegisters@12 004010e8     hal:HAL.dll
 0001:000000ec       __imp__IoFreeAdapterChannel@4 004010ec     hal:HAL.dll
 0001:000000f0       __imp__IoFlushAdapterBuffers@24 004010f0     hal:HAL.dll
 0001:000000f4       __imp__HalFreeCommonBuffer@24 004010f4     hal:HAL.dll
 0001:000000f8       __imp__HalAllocateCommonBuffer@16 004010f8     hal:HAL.dll
 0001:000000fc       __imp__HalAllocateCrashDumpRegisters@8 004010fc     hal:HAL.dll
 0001:00000100       __imp__HalGetAdapter@8     00401100     hal:HAL.dll
 0001:00000104       __imp__HalSetEnvironmentVariable@8 00401104     hal:HAL.dll
 0001:00000108       __imp__HalReturnToFirmware@4 00401108     hal:HAL.dll
 0001:0000010c       __imp_@KfRaiseIrql@4       0040110c     hal:HAL.dll
 0001:00000110       __imp_@KfLowerIrql@4       00401110     hal:HAL.dll
 0001:00000114       __imp_@KeAcquireInStackQueuedSpinLock@8 00401114     hal:HAL.dll
 0001:00000118       __imp_@KeReleaseInStackQueuedSpinLock@4 00401118     hal:HAL.dll
 0001:0000011c       __imp_@KfAcquireSpinLock@4 0040111c     hal:HAL.dll
 0001:00000120       __imp_@KfReleaseSpinLock@8 00401120     hal:HAL.dll
 0001:00000124       __imp_@KeAcquireQueuedSpinLock@4 00401124     hal:HAL.dll
 0001:00000128       __imp__HalStartProfileInterrupt@4 00401128     hal:HAL.dll
 0001:0000012c       __imp_@KeReleaseQueuedSpinLock@8 0040112c     hal:HAL.dll
 0001:00000130       \177HAL_NULL_THUNK_DATA    00401130     hal:HAL.dll
 0001:00000134       __imp__KdDebuggerInitialize1@4 00401134     kdcom:KDCOM.dll
 0001:00000138       __imp__KdSave@4            00401138     kdcom:KDCOM.dll
 0001:0000013c       __imp__KdRestore@4         0040113c     kdcom:KDCOM.dll
 0001:00000140       __imp__KdSendPacket@16     00401140     kdcom:KDCOM.dll
 0001:00000144       __imp__KdD0Transition@0    00401144     kdcom:KDCOM.dll
 0001:00000148       __imp__KdD3Transition@0    00401148     kdcom:KDCOM.dll
 0001:0000014c       __imp__KdReceivePacket@20  0040114c     kdcom:KDCOM.dll
 0001:00000150       __imp__KdDebuggerInitialize0@4 00401150     kdcom:KDCOM.dll
 0001:00000154       \177KDCOM_NULL_THUNK_DATA  00401154     kdcom:KDCOM.dll
 0001:000001c0       _KiFindFirstSetRight       004011c0     cache:copysup.obj
 0001:000002c0       _KiFindFirstSetLeft        004012c0     cache:copysup.obj
 0001:000003c0       _KiMask32Array             004013c0     cache:copysup.obj
 0001:00000440       _RtlDosPathSeparatorsString 00401440     cache:copysup.obj
 0001:00000448       ??_C@_15MNCACJLI@?$AA?2?$AA?1?$AA?$AA@ 00401448     cache:copysup.obj
 0001:000004a0       ??_C@_0FA@OGCCJEAN@CC?3?5SharedCacheMap?9?$DOOpenCount?5?$DN?$DN@ 004014a0     cache:cachesub.obj
 0001:00000a64       _ExpCallBackReturnRefs     00401a64     ex:callback.obj
 0001:00000b08       ??_C@_1BI@BPNBDDHK@?$AAE?$AAn?$AAa?$AAb?$AAl?$AAe?$AA6?$AA4?$AAB?$AAi?$AAt?$AA?$AA@ 00401b08     ex:sysinfo.obj
 0001:00000b28       ??_C@_1GG@ELAGJLFC@?$AA?2?$AAR?$AAe?$AAg?$AAi?$AAs?$AAt?$AAr?$AAy?$AA?2?$AAM?$AAa?$AAc?$AAh?$AAi?$AAn?$AAe?$AA?2?$AAS?$AAO@ 00401b28     ex:sysinfo.obj
 0001:00000e78       _ExpLuidIncrement          00401e78     ex:luid.obj
 0001:000011c0       _FsRtlLegalAnsiCharacterArray 004021c0     fsrtl:FsRtlPc.obj
 0001:000012b8       _FsRtlHalfSecond           004022b8     fsrtl:FsFilter.obj
 0001:0000133c       ??_C@_0BO@CIDILEI@?2REGISTRY?2MACHINE?2SYSTEM?2DISK?$AA@ 0040233c     fstub:drivesup.obj
 0001:0000135c       ??_C@_0BP@MDCLODBD@?2Device?2Harddisk?$CFd?2Partition?$CFd?$AA@ 0040235c     fstub:drivesup.obj
 0001:0000137c       _PARTITION_ENTRY_UNUSED_GUID 0040237c     io:ioguid.obj
 0001:0000138c       _PARTITION_SYSTEM_GUID     0040238c     io:ioguid.obj
 0001:0000139c       _PARTITION_MSFT_RESERVED_GUID 0040239c     io:ioguid.obj
 0001:000013ac       _PARTITION_BASIC_DATA_GUID 004023ac     io:ioguid.obj
 0001:000013bc       _PARTITION_LDM_METADATA_GUID 004023bc     io:ioguid.obj
 0001:000013cc       _PARTITION_LDM_DATA_GUID   004023cc     io:ioguid.obj
 0001:000013dc       _GUID_DEVCLASS_1394        004023dc     io:ioguid.obj
 0001:000013ec       _GUID_DEVCLASS_1394DEBUG   004023ec     io:ioguid.obj
 0001:000013fc       _GUID_DEVCLASS_61883       004023fc     io:ioguid.obj
 0001:0000140c       _GUID_DEVCLASS_ADAPTER     0040240c     io:ioguid.obj
 0001:0000141c       _GUID_DEVCLASS_APMSUPPORT  0040241c     io:ioguid.obj
 0001:0000142c       _GUID_DEVCLASS_AVC         0040242c     io:ioguid.obj
 0001:0000143c       _GUID_DEVCLASS_BATTERY     0040243c     io:ioguid.obj
 0001:0000144c       _GUID_DEVCLASS_BIOMETRIC   0040244c     io:ioguid.obj
 0001:0000145c       _GUID_DEVCLASS_BLUETOOTH   0040245c     io:ioguid.obj
 0001:0000146c       _GUID_DEVCLASS_CDROM       0040246c     io:ioguid.obj
 0001:0000147c       _GUID_DEVCLASS_COMPUTER    0040247c     io:ioguid.obj
 0001:0000148c       _GUID_DEVCLASS_DECODER     0040248c     io:ioguid.obj
 0001:0000149c       _GUID_DEVCLASS_DISKDRIVE   0040249c     io:ioguid.obj
 0001:000014ac       _GUID_DEVCLASS_DISPLAY     004024ac     io:ioguid.obj
 0001:000014bc       _GUID_DEVCLASS_DOT4        004024bc     io:ioguid.obj
 0001:000014cc       _GUID_DEVCLASS_DOT4PRINT   004024cc     io:ioguid.obj
 0001:000014dc       _GUID_DEVCLASS_ENUM1394    004024dc     io:ioguid.obj
 0001:000014ec       _GUID_DEVCLASS_FDC         004024ec     io:ioguid.obj
 0001:000014fc       _GUID_DEVCLASS_FLOPPYDISK  004024fc     io:ioguid.obj
 0001:0000150c       _GUID_DEVCLASS_GPS         0040250c     io:ioguid.obj
 0001:0000151c       _GUID_DEVCLASS_HDC         0040251c     io:ioguid.obj
 0001:0000152c       _GUID_DEVCLASS_HIDCLASS    0040252c     io:ioguid.obj
 0001:0000153c       _GUID_DEVCLASS_IMAGE       0040253c     io:ioguid.obj
 0001:0000154c       _GUID_DEVCLASS_INFINIBAND  0040254c     io:ioguid.obj
 0001:0000155c       _GUID_DEVCLASS_INFRARED    0040255c     io:ioguid.obj
 0001:0000156c       _GUID_DEVCLASS_KEYBOARD    0040256c     io:ioguid.obj
 0001:0000157c       _GUID_DEVCLASS_LEGACYDRIVER 0040257c     io:ioguid.obj
 0001:0000158c       _GUID_DEVCLASS_MEDIA       0040258c     io:ioguid.obj
 0001:0000159c       _GUID_DEVCLASS_MEDIUM_CHANGER 0040259c     io:ioguid.obj
 0001:000015ac       _GUID_DEVCLASS_MODEM       004025ac     io:ioguid.obj
 0001:000015bc       _GUID_DEVCLASS_MONITOR     004025bc     io:ioguid.obj
 0001:000015cc       _GUID_DEVCLASS_MOUSE       004025cc     io:ioguid.obj
 0001:000015dc       _GUID_DEVCLASS_MTD         004025dc     io:ioguid.obj
 0001:000015ec       _GUID_DEVCLASS_MULTIFUNCTION 004025ec     io:ioguid.obj
 0001:000015fc       _GUID_DEVCLASS_MULTIPORTSERIAL 004025fc     io:ioguid.obj
 0001:0000160c       _GUID_DEVCLASS_NET         0040260c     io:ioguid.obj
 0001:0000161c       _GUID_DEVCLASS_NETCLIENT   0040261c     io:ioguid.obj
 0001:0000162c       _GUID_DEVCLASS_NETSERVICE  0040262c     io:ioguid.obj
 0001:0000163c       _GUID_DEVCLASS_NETTRANS    0040263c     io:ioguid.obj
 0001:0000164c       _GUID_DEVCLASS_NODRIVER    0040264c     io:ioguid.obj
 0001:0000165c       _GUID_DEVCLASS_PCMCIA      0040265c     io:ioguid.obj
 0001:0000166c       _GUID_DEVCLASS_PNPPRINTERS 0040266c     io:ioguid.obj
 0001:0000167c       _GUID_DEVCLASS_PORTS       0040267c     io:ioguid.obj
 0001:0000168c       _GUID_DEVCLASS_PRINTER     0040268c     io:ioguid.obj
 0001:0000169c       _GUID_DEVCLASS_PRINTERUPGRADE 0040269c     io:ioguid.obj
 0001:000016ac       _GUID_DEVCLASS_PROCESSOR   004026ac     io:ioguid.obj
 0001:000016bc       _GUID_DEVCLASS_SBP2        004026bc     io:ioguid.obj
 0001:000016cc       _GUID_DEVCLASS_SCSIADAPTER 004026cc     io:ioguid.obj
 0001:000016dc       _GUID_DEVCLASS_SECURITYACCELERATOR 004026dc     io:ioguid.obj
 0001:000016ec       _GUID_DEVCLASS_SMARTCARDREADER 004026ec     io:ioguid.obj
 0001:000016fc       _GUID_DEVCLASS_SOUND       004026fc     io:ioguid.obj
 0001:0000170c       _GUID_DEVCLASS_SYSTEM      0040270c     io:ioguid.obj
 0001:0000171c       _GUID_DEVCLASS_TAPEDRIVE   0040271c     io:ioguid.obj
 0001:0000172c       _GUID_DEVCLASS_UNKNOWN     0040272c     io:ioguid.obj
 0001:0000173c       _GUID_DEVCLASS_USB         0040273c     io:ioguid.obj
 0001:0000174c       _GUID_DEVCLASS_VOLUME      0040274c     io:ioguid.obj
 0001:0000175c       _GUID_DEVCLASS_VOLUMESNAPSHOT 0040275c     io:ioguid.obj
 0001:0000176c       _GUID_DEVCLASS_WCEUSBS     0040276c     io:ioguid.obj
 0001:0000177c       _GUID_DEVCLASS_FSFILTER_ACTIVITYMONITOR 0040277c     io:ioguid.obj
 0001:0000178c       _GUID_DEVCLASS_FSFILTER_UNDELETE 0040278c     io:ioguid.obj
 0001:0000179c       _GUID_DEVCLASS_FSFILTER_ANTIVIRUS 0040279c     io:ioguid.obj
 0001:000017ac       _GUID_DEVCLASS_FSFILTER_REPLICATION 004027ac     io:ioguid.obj
 0001:000017bc       _GUID_DEVCLASS_FSFILTER_CONTINUOUSBACKUP 004027bc     io:ioguid.obj
 0001:000017cc       _GUID_DEVCLASS_FSFILTER_CONTENTSCREENER 004027cc     io:ioguid.obj
 0001:000017dc       _GUID_DEVCLASS_FSFILTER_QUOTAMANAGEMENT 004027dc     io:ioguid.obj
 0001:000017ec       _GUID_DEVCLASS_FSFILTER_SYSTEMRECOVERY 004027ec     io:ioguid.obj
 0001:000017fc       _GUID_DEVCLASS_FSFILTER_CFSMETADATASERVER 004027fc     io:ioguid.obj
 0001:0000180c       _GUID_DEVCLASS_FSFILTER_HSM 0040280c     io:ioguid.obj
 0001:0000181c       _GUID_DEVCLASS_FSFILTER_COMPRESSION 0040281c     io:ioguid.obj
 0001:0000182c       _GUID_DEVCLASS_FSFILTER_ENCRYPTION 0040282c     io:ioguid.obj
 0001:0000183c       _GUID_DEVCLASS_FSFILTER_PHYSICALQUOTAMANAGEMENT 0040283c     io:ioguid.obj
 0001:0000184c       _GUID_DEVCLASS_FSFILTER_OPENFILEBACKUP 0040284c     io:ioguid.obj
 0001:0000185c       _GUID_DEVCLASS_FSFILTER_SECURITYENHANCER 0040285c     io:ioguid.obj
 0001:0000186c       _GUID_DEVCLASS_FSFILTER_COPYPROTECTION 0040286c     io:ioguid.obj
 0001:0000187c       _GUID_DEVCLASS_FSFILTER_SYSTEM 0040287c     io:ioguid.obj
 0001:0000188c       _GUID_DEVCLASS_FSFILTER_INFRASTRUCTURE 0040288c     io:ioguid.obj
 0001:0000189c       _GUID_IO_VOLUME_CHANGE     0040289c     io:ioguid.obj
 0001:000018ac       _GUID_IO_VOLUME_DISMOUNT   004028ac     io:ioguid.obj
 0001:000018bc       _GUID_IO_VOLUME_DISMOUNT_FAILED 004028bc     io:ioguid.obj
 0001:000018cc       _GUID_IO_VOLUME_MOUNT      004028cc     io:ioguid.obj
 0001:000018dc       _GUID_IO_VOLUME_LOCK       004028dc     io:ioguid.obj
 0001:000018ec       _GUID_IO_VOLUME_LOCK_FAILED 004028ec     io:ioguid.obj
 0001:000018fc       _GUID_IO_VOLUME_UNLOCK     004028fc     io:ioguid.obj
 0001:0000190c       _GUID_IO_VOLUME_NAME_CHANGE 0040290c     io:ioguid.obj
 0001:0000191c       _GUID_IO_VOLUME_PHYSICAL_CONFIGURATION_CHANGE 0040291c     io:ioguid.obj
 0001:0000192c       _GUID_IO_VOLUME_DEVICE_INTERFACE 0040292c     io:ioguid.obj
 0001:0000193c       _GUID_IO_MEDIA_ARRIVAL     0040293c     io:ioguid.obj
 0001:0000194c       _GUID_IO_MEDIA_REMOVAL     0040294c     io:ioguid.obj
 0001:0000195c       _GUID_IO_DEVICE_BECOMING_READY 0040295c     io:ioguid.obj
 0001:0000196c       _GUID_IO_DEVICE_EXTERNAL_REQUEST 0040296c     io:ioguid.obj
 0001:0000197c       _GUID_IO_MEDIA_EJECT_REQUEST 0040297c     io:ioguid.obj
 0001:0000198c       _GUID_IO_DRIVE_REQUIRES_CLEANING 0040298c     io:ioguid.obj
 0001:0000199c       _GUID_IO_TAPE_ERASE        0040299c     io:ioguid.obj
 0001:000019ac       _GUID_DEVICE_EVENT_RBC     004029ac     io:ioguid.obj
 0001:000019bc       _GUID_IO_DISK_CLONE_ARRIVAL 004029bc     io:ioguid.obj
 0001:000019cc       _GUID_IO_DISK_LAYOUT_CHANGE 004029cc     io:ioguid.obj
 0001:000019dc       _GUID_HWPROFILE_QUERY_CHANGE 004029dc     io:ioguid.obj
 0001:000019ec       _GUID_HWPROFILE_CHANGE_CANCELLED 004029ec     io:ioguid.obj
 0001:000019fc       _GUID_HWPROFILE_CHANGE_COMPLETE 004029fc     io:ioguid.obj
 0001:00001a0c       _GUID_DEVICE_INTERFACE_ARRIVAL 00402a0c     io:ioguid.obj
 0001:00001a1c       _GUID_DEVICE_INTERFACE_REMOVAL 00402a1c     io:ioguid.obj
 0001:00001a2c       _GUID_TARGET_DEVICE_QUERY_REMOVE 00402a2c     io:ioguid.obj
 0001:00001a3c       _GUID_TARGET_DEVICE_REMOVE_CANCELLED 00402a3c     io:ioguid.obj
 0001:00001a4c       _GUID_TARGET_DEVICE_REMOVE_COMPLETE 00402a4c     io:ioguid.obj
 0001:00001a5c       _GUID_PNP_CUSTOM_NOTIFICATION 00402a5c     io:ioguid.obj
 0001:00001a6c       _GUID_PNP_POWER_NOTIFICATION 00402a6c     io:ioguid.obj
 0001:00001a7c       _GUID_BUS_INTERFACE_STANDARD 00402a7c     io:ioguid.obj
 0001:00001a8c       _GUID_PCI_BUS_INTERFACE_STANDARD 00402a8c     io:ioguid.obj
 0001:00001a9c       _GUID_AGP_TARGET_BUS_INTERFACE_STANDARD 00402a9c     io:ioguid.obj
 0001:00001aac       _GUID_ARBITER_INTERFACE_STANDARD 00402aac     io:ioguid.obj
 0001:00001abc       _GUID_TRANSLATOR_INTERFACE_STANDARD 00402abc     io:ioguid.obj
 0001:00001acc       _GUID_ACPI_INTERFACE_STANDARD 00402acc     io:ioguid.obj
 0001:00001adc       _GUID_INT_ROUTE_INTERFACE_STANDARD 00402adc     io:ioguid.obj
 0001:00001aec       _GUID_PCMCIA_BUS_INTERFACE_STANDARD 00402aec     io:ioguid.obj
 0001:00001afc       _GUID_ACPI_REGS_INTERFACE_STANDARD 00402afc     io:ioguid.obj
 0001:00001b0c       _GUID_LEGACY_DEVICE_DETECTION_STANDARD 00402b0c     io:ioguid.obj
 0001:00001b1c       _GUID_PCI_DEVICE_PRESENT_INTERFACE 00402b1c     io:ioguid.obj
 0001:00001b2c       _GUID_MF_ENUMERATION_INTERFACE 00402b2c     io:ioguid.obj
 0001:00001b3c       _GUID_ACPI_CMOS_INTERFACE_STANDARD 00402b3c     io:ioguid.obj
 0001:00001b4c       _GUID_ACPI_PORT_RANGES_INTERFACE_STANDARD 00402b4c     io:ioguid.obj
 0001:00001b5c       _GUID_PNP_LOCATION_INTERFACE 00402b5c     io:ioguid.obj
 0001:00001b6c       _GUID_BUS_TYPE_INTERNAL    00402b6c     io:ioguid.obj
 0001:00001b7c       _GUID_BUS_TYPE_PCMCIA      00402b7c     io:ioguid.obj
 0001:00001b8c       _GUID_BUS_TYPE_PCI         00402b8c     io:ioguid.obj
 0001:00001b9c       _GUID_BUS_TYPE_ISAPNP      00402b9c     io:ioguid.obj
 0001:00001bac       _GUID_BUS_TYPE_EISA        00402bac     io:ioguid.obj
 0001:00001bbc       _GUID_BUS_TYPE_MCA         00402bbc     io:ioguid.obj
 0001:00001bcc       _GUID_BUS_TYPE_LPTENUM     00402bcc     io:ioguid.obj
 0001:00001bdc       _GUID_BUS_TYPE_USBPRINT    00402bdc     io:ioguid.obj
 0001:00001bec       _GUID_BUS_TYPE_DOT4PRT     00402bec     io:ioguid.obj
 0001:00001bfc       _GUID_BUS_TYPE_SERENUM     00402bfc     io:ioguid.obj
 0001:00001c0c       _GUID_BUS_TYPE_USB         00402c0c     io:ioguid.obj
 0001:00001c1c       _GUID_BUS_TYPE_1394        00402c1c     io:ioguid.obj
 0001:00001c2c       _GUID_BUS_TYPE_HID         00402c2c     io:ioguid.obj
 0001:00001c3c       _GUID_BUS_TYPE_AVC         00402c3c     io:ioguid.obj
 0001:00001c4c       _GUID_BUS_TYPE_IRDA        00402c4c     io:ioguid.obj
 0001:00001c5c       _GUID_BUS_TYPE_SD          00402c5c     io:ioguid.obj
 0001:00001c6c       _GUID_POWER_DEVICE_ENABLE  00402c6c     io:ioguid.obj
 0001:00001c7c       _GUID_POWER_DEVICE_TIMEOUTS 00402c7c     io:ioguid.obj
 0001:00001c8c       _GUID_POWER_DEVICE_WAKE_ENABLE 00402c8c     io:ioguid.obj
 0001:00001c9c       _GUID_DEVICE_ARRIVAL       00402c9c     io:ioguid.obj
 0001:00001cac       _GUID_DEVICE_ENUMERATED    00402cac     io:ioguid.obj
 0001:00001cbc       _GUID_DEVICE_ENUMERATE_REQUEST 00402cbc     io:ioguid.obj
 0001:00001ccc       _GUID_DEVICE_START_REQUEST 00402ccc     io:ioguid.obj
 0001:00001cdc       _GUID_DEVICE_REMOVE_PENDING 00402cdc     io:ioguid.obj
 0001:00001cec       _GUID_DEVICE_QUERY_AND_REMOVE 00402cec     io:ioguid.obj
 0001:00001cfc       _GUID_DEVICE_EJECT         00402cfc     io:ioguid.obj
 0001:00001d0c       _GUID_DEVICE_NOOP          00402d0c     io:ioguid.obj
 0001:00001d1c       _GUID_DEVICE_SURPRISE_REMOVAL 00402d1c     io:ioguid.obj
 0001:00001d2c       _GUID_DEVICE_SAFE_REMOVAL  00402d2c     io:ioguid.obj
 0001:00001d3c       _GUID_DEVICE_EJECT_VETOED  00402d3c     io:ioguid.obj
 0001:00001d4c       _GUID_DEVICE_REMOVAL_VETOED 00402d4c     io:ioguid.obj
 0001:00001d5c       _GUID_DEVICE_WARM_EJECT_VETOED 00402d5c     io:ioguid.obj
 0001:00001d6c       _GUID_DEVICE_STANDBY_VETOED 00402d6c     io:ioguid.obj
 0001:00001d7c       _GUID_DEVICE_HIBERNATE_VETOED 00402d7c     io:ioguid.obj
 0001:00001d8c       _GUID_DEVICE_KERNEL_INITIATED_EJECT 00402d8c     io:ioguid.obj
 0001:00001d9c       _GUID_DEVICE_INVALID_ID    00402d9c     io:ioguid.obj
 0001:00001dac       _GUID_DRIVER_BLOCKED       00402dac     io:ioguid.obj
 0001:00001dbc       _GUID_SETUP_DEVICE_ARRIVAL 00402dbc     io:ioguid.obj
 0001:00001dcc       _GUID_DEVINTERFACE_DISK    00402dcc     io:ioguid.obj
 0001:00001ddc       _GUID_DEVINTERFACE_CDROM   00402ddc     io:ioguid.obj
 0001:00001dec       _GUID_DEVINTERFACE_PARTITION 00402dec     io:ioguid.obj
 0001:00001dfc       _GUID_DEVINTERFACE_TAPE    00402dfc     io:ioguid.obj
 0001:00001e0c       _GUID_DEVINTERFACE_WRITEONCEDISK 00402e0c     io:ioguid.obj
 0001:00001e1c       _GUID_DEVINTERFACE_VOLUME  00402e1c     io:ioguid.obj
 0001:00001e2c       _GUID_DEVINTERFACE_MEDIUMCHANGER 00402e2c     io:ioguid.obj
 0001:00001e3c       _GUID_DEVINTERFACE_FLOPPY  00402e3c     io:ioguid.obj
 0001:00001e4c       _GUID_DEVINTERFACE_CDCHANGER 00402e4c     io:ioguid.obj
 0001:00001e5c       _GUID_DEVINTERFACE_STORAGEPORT 00402e5c     io:ioguid.obj
 0001:00001e6c       _GUID_DOCK_INTERFACE       00402e6c     io:ioguid.obj
 0001:000023c4       _KiDebugRegisterTrapOffsets 004033c4     ke:misc.obj
 0001:000023e4       _KiDebugRegisterContextOffsets 004033e4     ke:misc.obj
 0001:00002430       __real@4147ffff80000000    00403430     ke:kernlini.obj
 0001:00002438       __real@4150017ec0000000    00403438     ke:kernlini.obj
 0001:00002628       _MmClaimParameterAdjustUpTime 00403628     mm:wsmanage.obj
 0001:00002630       _MmClaimParameterAdjustDownTime 00403630     mm:wsmanage.obj
 0001:00002638       _MMSECT                    00403638     mm:miglobal.obj
 0001:00002640       _MmSevenMinutes            00403640     mm:miglobal.obj
 0001:00002648       _MmOneSecond               00403648     mm:miglobal.obj
 0001:00002650       _MmTwentySeconds           00403650     mm:miglobal.obj
 0001:00002658       _MmSeventySeconds          00403658     mm:miglobal.obj
 0001:00002660       _MmShortTime               00403660     mm:miglobal.obj
 0001:00002668       _MmHalfSecond              00403668     mm:miglobal.obj
 0001:00002670       _Mm30Milliseconds          00403670     mm:miglobal.obj
 0001:00002678       ??_C@_04OHJIHAFH@None?$AA@ 00403678     mm:iosup.obj
 0001:00002680       ??_C@_0O@HEKOFAMI@writecombined?$AA@ 00403680     mm:iosup.obj
 0001:00002690       ??_C@_06HEOINPBP@cached?$AA@ 00403690     mm:iosup.obj
 0001:00002698       ??_C@_09IDJLKACI@noncached?$AA@ 00403698     mm:iosup.obj
 0001:000026c4       _MMVADKEY                  004036c4     mm:allocvm.obj
 0001:000026f8       _MMCONTROL                 004036f8     mm:creasect.obj
 0001:000026fc       _MMTEMPORARY               004036fc     mm:creasect.obj
 0001:000027d8       _MMDB                      004037d8     mm:mapview.obj
 0001:00002a7c       _ZeroPte                   00403a7c     mm:data386.obj
 0001:00002a80       _ZeroKernelPte             00403a80     mm:data386.obj
 0001:00002a84       _ValidKernelPteLocal       00403a84     mm:data386.obj
 0001:00002a88       _ValidUserPte              00403a88     mm:data386.obj
 0001:00002a8c       _ValidPtePte               00403a8c     mm:data386.obj
 0001:00002a90       _ValidPdePde               00403a90     mm:data386.obj
 0001:00002a94       _ValidKernelPdeLocal       00403a94     mm:data386.obj
 0001:00002a98       _DemandZeroPte             00403a98     mm:data386.obj
 0001:00002a9c       _TransitionPde             00403a9c     mm:data386.obj
 0001:00002aa0       _NoAccessPte               00403aa0     mm:data386.obj
 0001:00002bc8       _RtlpBitsClearAnywhere     00403bc8     ntosrtl:bitmap.obj
 0001:00002cc8       _RtlpBitsClearLow          00403cc8     ntosrtl:bitmap.obj
 0001:00002dc8       _RtlpBitsClearHigh         00403dc8     ntosrtl:bitmap.obj
 0001:00002ec8       _RtlpBitsClearTotal        00403ec8     ntosrtl:bitmap.obj
 0001:000030e0       _RtlpStatusTable           004040e0     ntosrtl:error.obj
 0001:000039b8       _RtlpRunTable              004049b8     ntosrtl:error.obj
 0001:00003e58       _LeapYearDayToMonth        00404e58     ntosrtl:time.obj
 0001:00003fc8       _NormalYearDayToMonth      00404fc8     ntosrtl:time.obj
 0001:00004138       _LeapYearDaysPrecedingMonth 00405138     ntosrtl:time.obj
 0001:00004154       _NormalYearDaysPrecedingMonth 00405154     ntosrtl:time.obj
 0001:00004170       _SecondsToStartOf1970      00405170     ntosrtl:time.obj
 0001:00004178       _SecondsToStartOf1980      00405178     ntosrtl:time.obj
 0001:00004180       _Magic10000                00405180     ntosrtl:time.obj
 0001:00004188       _Magic10000000             00405188     ntosrtl:time.obj
 0001:00004190       _Magic86400000             00405190     ntosrtl:time.obj
 0001:0000471c       _ObpObjectBuckets          0040571c     ob:obref.obj
 0001:00004720       _ObpMaxStacks              00405720     ob:obref.obj
 0001:00004724       _ObpStacksPerObject        00405724     ob:obref.obj
 0001:00004728       _ObpTraceDepth             00405728     ob:obref.obj
 0001:0000484c       _ObWatchHandles            0040584c     ob:obcreate.obj
 0001:000049b4       _PerfNullHookHandle        004059b4     perf:perfdata.obj
 0001:00005128       _WmiOneSecond              00406128     wmi:wmidata.obj
 0001:00005130       _WmiShortTime              00406130     wmi:wmidata.obj
 0001:00005138       _NtdllTraceGuid            00406138     wmi:wmidata.obj
 0001:00005148       _CritSecGuid               00406148     wmi:wmidata.obj
 0001:00005158       _HeapGuid                  00406158     wmi:wmidata.obj
 0001:00005168       _SystemTraceControlGuid    00406168     wmi:wmidata.obj
 0001:00005184       _WmipDataProviderPnpidGuid 00406184     wmi:register.obj
 0001:00005194       _WmipDataProviderPnPIdInstanceNamesGuid 00406194     wmi:register.obj
 0001:000051f4       _abWPAStringKey            004061f4     ntoswrk:SYSTIME.obj
 0001:00005280       _NtMajorVersion            00406280     ntoswrk:INIT.obj
 0001:00005284       _NtMinorVersion            00406284     ntoswrk:INIT.obj
 0001:00005288       _NtBuildLab                00406288     ntoswrk:INIT.obj
 0001:000052a3       ??_C@_00CNPNBAHC@?$AA@     004062a3     ntoswrk:INIT.obj
 0001:000052d8       _LsapEvent                 004062d8     ntoswrk:austub.obj
 0001:0000532c       _LsapPort                  0040632c     ntoswrk:austub.obj
 0001:0000535c       ??_C@_0BB@NAIGLFPK@ZwYieldExecution?$AA@ 0040635c     ntoswrk:VERIFIER.obj
 0001:00005370       ??_C@_0M@EHICNDGI@ZwWriteFile?$AA@ 00406370     ntoswrk:VERIFIER.obj
 0001:0000537c       ??_C@_0BG@DJNHKNCA@ZwWaitForSingleObject?$AA@ 0040637c     ntoswrk:VERIFIER.obj
 0001:00005394       ??_C@_0BJ@ODAMPGLM@ZwWaitForMultipleObjects?$AA@ 00406394     ntoswrk:VERIFIER.obj
 0001:000053b0       ??_C@_0BF@IPAHFEPJ@ZwUnmapViewOfSection?$AA@ 004063b0     ntoswrk:VERIFIER.obj
 0001:000053c8       ??_C@_0M@OHLHELHF@ZwUnloadKey?$AA@ 004063c8     ntoswrk:VERIFIER.obj
 0001:000053d4       ??_C@_0P@IBIICCAK@ZwUnloadDriver?$AA@ 004063d4     ntoswrk:VERIFIER.obj
 0001:000053e4       ??_C@_0BE@KMEIDNLK@ZwTranslateFilePath?$AA@ 004063e4     ntoswrk:VERIFIER.obj
 0001:000053f8       ??_C@_0BD@KGKBMFPI@ZwTerminateProcess?$AA@ 004063f8     ntoswrk:VERIFIER.obj
 0001:0000540c       ??_C@_0BF@MNDFANJG@ZwTerminateJobObject?$AA@ 0040640c     ntoswrk:VERIFIER.obj
 0001:00005424       ??_C@_0BL@EBHBPCHL@ZwSetVolumeInformationFile?$AA@ 00406424     ntoswrk:VERIFIER.obj
 0001:00005440       ??_C@_0O@COONLEMJ@ZwSetValueKey?$AA@ 00406440     ntoswrk:VERIFIER.obj
 0001:00005450       ??_C@_0L@EIGLBALK@ZwSetTimer?$AA@ 00406450     ntoswrk:VERIFIER.obj
 0001:0000545c       ??_C@_0BA@GJOBDCAM@ZwSetSystemTime?$AA@ 0040645c     ntoswrk:VERIFIER.obj
 0001:0000546c       ??_C@_0BH@DOPPEBEJ@ZwSetSystemInformation?$AA@ 0040646c     ntoswrk:VERIFIER.obj
 0001:00005484       ??_C@_0BE@JGCEKJAC@ZwSetSecurityObject?$AA@ 00406484     ntoswrk:VERIFIER.obj
 0001:00005498       ??_C@_0BH@JHOFABAM@ZwSetInformationThread?$AA@ 00406498     ntoswrk:VERIFIER.obj
 0001:000054b0       ??_C@_0BI@OMNEIICC@ZwSetInformationProcess?$AA@ 004064b0     ntoswrk:VERIFIER.obj
 0001:000054c8       ??_C@_0BH@EKHBPACC@ZwSetInformationObject?$AA@ 004064c8     ntoswrk:VERIFIER.obj
 0001:000054e0       ??_C@_0BK@LOIPFHFL@ZwSetInformationJobObject?$AA@ 004064e0     ntoswrk:VERIFIER.obj
 0001:000054fc       ??_C@_0BF@IOCOIHLM@ZwSetInformationFile?$AA@ 004064fc     ntoswrk:VERIFIER.obj
 0001:00005514       ??_C@_0L@PNOKKBFP@ZwSetEvent?$AA@ 00406514     ntoswrk:VERIFIER.obj
 0001:00005520       ??_C@_0M@PEPDJEKA@ZwSetEaFile?$AA@ 00406520     ntoswrk:VERIFIER.obj
 0001:0000552c       ??_C@_0BG@EMHFEHPC@ZwSetDriverEntryOrder?$AA@ 0040652c     ntoswrk:VERIFIER.obj
 0001:00005544       ??_C@_0BH@KHNFJKFB@ZwSetDefaultUILanguage?$AA@ 00406544     ntoswrk:VERIFIER.obj
 0001:0000555c       ??_C@_0BD@BJMMIMNH@ZwSetDefaultLocale?$AA@ 0040655c     ntoswrk:VERIFIER.obj
 0001:00005570       ??_C@_0BB@COOOOIJN@ZwSetBootOptions?$AA@ 00406570     ntoswrk:VERIFIER.obj
 0001:00005584       ??_C@_0BE@MMAIHNII@ZwSetBootEntryOrder?$AA@ 00406584     ntoswrk:VERIFIER.obj
 0001:00005598       ??_C@_0M@JMDIMOCF@ZwSaveKeyEx?$AA@ 00406598     ntoswrk:VERIFIER.obj
 0001:000055a4       ??_C@_09KALEJOMJ@ZwSaveKey?$AA@ 004065a4     ntoswrk:VERIFIER.obj
 0001:000055b0       ??_C@_0N@PDJGDHEJ@ZwRestoreKey?$AA@ 004065b0     ntoswrk:VERIFIER.obj
 0001:000055c0       ??_C@_0N@OBHHFNCO@ZwResetEvent?$AA@ 004065c0     ntoswrk:VERIFIER.obj
 0001:000055d0       ??_C@_0BH@IAKOPMKC@ZwRequestWaitReplyPort?$AA@ 004065d0     ntoswrk:VERIFIER.obj
 0001:000055e8       ??_C@_0N@PNPAILHB@ZwReplaceKey?$AA@ 004065e8     ntoswrk:VERIFIER.obj
 0001:000055f8       ??_C@_0L@KICNCAKG@ZwReadFile?$AA@ 004065f8     ntoswrk:VERIFIER.obj
 0001:00005604       ??_C@_0BN@LODIJCKM@ZwQueryVolumeInformationFile?$AA@ 00406604     ntoswrk:VERIFIER.obj
 0001:00005624       ??_C@_0BA@BEBJGGBP@ZwQueryValueKey?$AA@ 00406624     ntoswrk:VERIFIER.obj
 0001:00005634       ??_C@_0BJ@CIAKDCJK@ZwQuerySystemInformation?$AA@ 00406634     ntoswrk:VERIFIER.obj
 0001:00005650       ??_C@_0BK@OAMNJJCG@ZwQuerySymbolicLinkObject?$AA@ 00406650     ntoswrk:VERIFIER.obj
 0001:0000566c       ??_C@_0BG@IBIOJLLP@ZwQuerySecurityObject?$AA@ 0040666c     ntoswrk:VERIFIER.obj
 0001:00005684       ??_C@_0P@NHBMKANJ@ZwQuerySection?$AA@ 00406684     ntoswrk:VERIFIER.obj
 0001:00005694       ??_C@_0O@EHBHKBHL@ZwQueryObject?$AA@ 00406694     ntoswrk:VERIFIER.obj
 0001:000056a4       ??_C@_0L@MDHMGON@ZwQueryKey?$AA@ 004066a4     ntoswrk:VERIFIER.obj
 0001:000056b0       ??_C@_0BI@PMBCGPFP@ZwQueryInformationToken?$AA@ 004066b0     ntoswrk:VERIFIER.obj
 0001:000056c8       ??_C@_0BJ@IBBAHCNP@ZwQueryInformationThread?$AA@ 004066c8     ntoswrk:VERIFIER.obj
 0001:000056e4       ??_C@_0BK@PDBIPODP@ZwQueryInformationProcess?$AA@ 004066e4     ntoswrk:VERIFIER.obj
 0001:00005700       ??_C@_0BM@PIIFPAIC@ZwQueryInformationJobObject?$AA@ 00406700     ntoswrk:VERIFIER.obj
 0001:0000571c       ??_C@_0BH@DLOJOCLP@ZwQueryInformationFile?$AA@ 0040671c     ntoswrk:VERIFIER.obj
 0001:00005734       ??_C@_0BK@BDBDIBMH@ZwQueryFullAttributesFile?$AA@ 00406734     ntoswrk:VERIFIER.obj
 0001:00005750       ??_C@_0O@HDJBJFAL@ZwQueryEaFile?$AA@ 00406750     ntoswrk:VERIFIER.obj
 0001:00005760       ??_C@_0BH@BBJALJBF@ZwQueryDirectoryObject?$AA@ 00406760     ntoswrk:VERIFIER.obj
 0001:00005778       ??_C@_0BF@NMACOFBK@ZwQueryDirectoryFile?$AA@ 00406778     ntoswrk:VERIFIER.obj
 0001:00005790       ??_C@_0BJ@GJJANIEK@ZwQueryInstallUILanguage?$AA@ 00406790     ntoswrk:VERIFIER.obj
 0001:000057ac       ??_C@_0BI@NFMJNBCN@ZwQueryDriverEntryOrder?$AA@ 004067ac     ntoswrk:VERIFIER.obj
 0001:000057c4       ??_C@_0BJ@LBCAOJIC@ZwQueryDefaultUILanguage?$AA@ 004067c4     ntoswrk:VERIFIER.obj
 0001:000057e0       ??_C@_0BF@EEAHCEJ@ZwQueryDefaultLocale?$AA@ 004067e0     ntoswrk:VERIFIER.obj
 0001:000057f8       ??_C@_0BD@KODEDALN@ZwQueryBootOptions?$AA@ 004067f8     ntoswrk:VERIFIER.obj
 0001:0000580c       ??_C@_0BG@NLKCEPDF@ZwQueryBootEntryOrder?$AA@ 0040680c     ntoswrk:VERIFIER.obj
 0001:00005824       ??_C@_0N@JGLBEHHB@ZwPulseEvent?$AA@ 00406824     ntoswrk:VERIFIER.obj
 0001:00005834       ??_C@_0BD@FJKHNGHL@ZwPowerInformation?$AA@ 00406834     ntoswrk:VERIFIER.obj
 0001:00005848       ??_C@_0M@MAILKIKO@ZwOpenTimer?$AA@ 00406848     ntoswrk:VERIFIER.obj
 0001:00005854       ??_C@_0BE@ONNANPEN@ZwOpenThreadTokenEx?$AA@ 00406854     ntoswrk:VERIFIER.obj
 0001:00005868       ??_C@_0BC@IHGIMNLF@ZwOpenThreadToken?$AA@ 00406868     ntoswrk:VERIFIER.obj
 0001:0000587c       ??_C@_0N@HLDGFDL@ZwOpenThread?$AA@ 0040687c     ntoswrk:VERIFIER.obj
 0001:0000588c       ??_C@_0BJ@CLLKOGDP@ZwOpenSymbolicLinkObject?$AA@ 0040688c     ntoswrk:VERIFIER.obj
 0001:000058a8       ??_C@_0O@HNILNMLD@ZwOpenSection?$AA@ 004068a8     ntoswrk:VERIFIER.obj
 0001:000058b8       ??_C@_0BF@GEAAJNAA@ZwOpenProcessTokenEx?$AA@ 004068b8     ntoswrk:VERIFIER.obj
 0001:000058d0       ??_C@_0BD@FICHFIDH@ZwOpenProcessToken?$AA@ 004068d0     ntoswrk:VERIFIER.obj
 0001:000058e4       ??_C@_0O@FEPJHLEJ@ZwOpenProcess?$AA@ 004068e4     ntoswrk:VERIFIER.obj
 0001:000058f4       ??_C@_09LIJLGMPD@ZwOpenKey?$AA@ 004068f4     ntoswrk:VERIFIER.obj
 0001:00005900       ??_C@_0BA@BMDCPOLM@ZwOpenJobObject?$AA@ 00406900     ntoswrk:VERIFIER.obj
 0001:00005910       ??_C@_0L@JECNLNLK@ZwOpenFile?$AA@ 00406910     ntoswrk:VERIFIER.obj
 0001:0000591c       ??_C@_0M@HFAKBJEL@ZwOpenEvent?$AA@ 0040691c     ntoswrk:VERIFIER.obj
 0001:00005928       ??_C@_0BG@EBIHBOPF@ZwOpenDirectoryObject?$AA@ 00406928     ntoswrk:VERIFIER.obj
 0001:00005940       ??_C@_0BC@JHKPHPDB@ZwNotifyChangeKey?$AA@ 00406940     ntoswrk:VERIFIER.obj
 0001:00005954       ??_C@_0BE@MACMJJBB@ZwModifyDriverEntry?$AA@ 00406954     ntoswrk:VERIFIER.obj
 0001:00005968       ??_C@_0BC@JMHOIME@ZwModifyBootEntry?$AA@ 00406968     ntoswrk:VERIFIER.obj
 0001:0000597c       ??_C@_0BD@PPCCBCGB@ZwMapViewOfSection?$AA@ 0040697c     ntoswrk:VERIFIER.obj
 0001:00005990       ??_C@_0BG@CKOEGIOA@ZwMakeTemporaryObject?$AA@ 00406990     ntoswrk:VERIFIER.obj
 0001:000059a8       ??_C@_09HGKDNNIA@ZwLoadKey?$AA@ 004069a8     ntoswrk:VERIFIER.obj
 0001:000059b4       ??_C@_0N@PEGGKEB@ZwLoadDriver?$AA@ 004069b4     ntoswrk:VERIFIER.obj
 0001:000059c4       ??_C@_0BB@HJCDFOCC@ZwIsProcessInJob?$AA@ 004069c4     ntoswrk:VERIFIER.obj
 0001:000059d8       ??_C@_0BG@KKKBEHBC@ZwInitiatePowerAction?$AA@ 004069d8     ntoswrk:VERIFIER.obj
 0001:000059f0       ??_C@_0BA@MOGBMDLL@ZwFsControlFile?$AA@ 004069f0     ntoswrk:VERIFIER.obj
 0001:00005a00       ??_C@_0BE@KMLKHMJK@ZwFreeVirtualMemory?$AA@ 00406a00     ntoswrk:VERIFIER.obj
 0001:00005a14       ??_C@_0BF@PEDIMKOI@ZwFlushVirtualMemory?$AA@ 00406a14     ntoswrk:VERIFIER.obj
 0001:00005a2c       ??_C@_0L@FGGADCAM@ZwFlushKey?$AA@ 00406a2c     ntoswrk:VERIFIER.obj
 0001:00005a38       ??_C@_0BI@LEEJKIGN@ZwFlushInstructionCache?$AA@ 00406a38     ntoswrk:VERIFIER.obj
 0001:00005a50       ??_C@_0BE@IIIKCKBL@ZwEnumerateValueKey?$AA@ 00406a50     ntoswrk:VERIFIER.obj
 0001:00005a64       ??_C@_0P@GMGACGJD@ZwEnumerateKey?$AA@ 00406a64     ntoswrk:VERIFIER.obj
 0001:00005a74       ??_C@_0BJ@IOALJHII@ZwEnumerateDriverEntries?$AA@ 00406a74     ntoswrk:VERIFIER.obj
 0001:00005a90       ??_C@_0BH@ENILHPP@ZwEnumerateBootEntries?$AA@ 00406a90     ntoswrk:VERIFIER.obj
 0001:00005aa8       ??_C@_0BB@KLKOBDFJ@ZwDuplicateToken?$AA@ 00406aa8     ntoswrk:VERIFIER.obj
 0001:00005abc       ??_C@_0BC@LFLAJKLI@ZwDuplicateObject?$AA@ 00406abc     ntoswrk:VERIFIER.obj
 0001:00005ad0       ??_C@_0BA@NCONONMM@ZwDisplayString?$AA@ 00406ad0     ntoswrk:VERIFIER.obj
 0001:00005ae0       ??_C@_0BG@HMIJCKHG@ZwDeviceIoControlFile?$AA@ 00406ae0     ntoswrk:VERIFIER.obj
 0001:00005af8       ??_C@_0BB@NOBGMBBD@ZwDeleteValueKey?$AA@ 00406af8     ntoswrk:VERIFIER.obj
 0001:00005b0c       ??_C@_0M@GHIFNKKI@ZwDeleteKey?$AA@ 00406b0c     ntoswrk:VERIFIER.obj
 0001:00005b18       ??_C@_0N@GIELCLHA@ZwDeleteFile?$AA@ 00406b18     ntoswrk:VERIFIER.obj
 0001:00005b28       ??_C@_0BE@JFIEIPOO@ZwDeleteDriverEntry?$AA@ 00406b28     ntoswrk:VERIFIER.obj
 0001:00005b3c       ??_C@_0BC@FOJPBJKO@ZwDeleteBootEntry?$AA@ 00406b3c     ntoswrk:VERIFIER.obj
 0001:00005b50       ??_C@_0O@OJGKKHJH@ZwCreateTimer?$AA@ 00406b50     ntoswrk:VERIFIER.obj
 0001:00005b60       ??_C@_0BL@IMDBMKPE@ZwCreateSymbolicLinkObject?$AA@ 00406b60     ntoswrk:VERIFIER.obj
 0001:00005b7c       ??_C@_0BA@ODLAGFHJ@ZwCreateSection?$AA@ 00406b7c     ntoswrk:VERIFIER.obj
 0001:00005b8c       ??_C@_0M@KGPINBFB@ZwCreateKey?$AA@ 00406b8c     ntoswrk:VERIFIER.obj
 0001:00005b98       ??_C@_0BC@JPJKFEGL@ZwCreateJobObject?$AA@ 00406b98     ntoswrk:VERIFIER.obj
 0001:00005bac       ??_C@_0N@KMOLBMMD@ZwCreateFile?$AA@ 00406bac     ntoswrk:VERIFIER.obj
 0001:00005bbc       ??_C@_0O@FMOLBGHC@ZwCreateEvent?$AA@ 00406bbc     ntoswrk:VERIFIER.obj
 0001:00005bcc       ??_C@_0BI@BPIHCBGG@ZwCreateDirectoryObject?$AA@ 00406bcc     ntoswrk:VERIFIER.obj
 0001:00005be4       ??_C@_0O@DGDHBLML@ZwConnectPort?$AA@ 00406be4     ntoswrk:VERIFIER.obj
 0001:00005bf4       ??_C@_0BI@IDLCOIHA@ZwCloseObjectAuditAlarm?$AA@ 00406bf4     ntoswrk:VERIFIER.obj
 0001:00005c0c       ??_C@_07IPICGNAN@ZwClose?$AA@ 00406c0c     ntoswrk:VERIFIER.obj
 0001:00005c14       ??_C@_0N@EKFKGNNE@ZwClearEvent?$AA@ 00406c14     ntoswrk:VERIFIER.obj
 0001:00005c24       ??_C@_0O@CNOBKCEK@ZwCancelTimer?$AA@ 00406c24     ntoswrk:VERIFIER.obj
 0001:00005c34       ??_C@_0P@LEIBOHAK@ZwCancelIoFile?$AA@ 00406c34     ntoswrk:VERIFIER.obj
 0001:00005c44       ??_C@_0BL@OEDEBAMI@ZwAssignProcessToJobObject?$AA@ 00406c44     ntoswrk:VERIFIER.obj
 0001:00005c60       ??_C@_0BI@HKENIFPC@ZwAllocateVirtualMemory?$AA@ 00406c60     ntoswrk:VERIFIER.obj
 0001:00005c78       ??_C@_0O@NICFFCDG@ZwAlertThread?$AA@ 00406c78     ntoswrk:VERIFIER.obj
 0001:00005c88       ??_C@_0BI@PGLJEMKC@ZwAdjustPrivilegesToken?$AA@ 00406c88     ntoswrk:VERIFIER.obj
 0001:00005ca0       ??_C@_0BB@KIFBPAKN@ZwAddDriverEntry?$AA@ 00406ca0     ntoswrk:VERIFIER.obj
 0001:00005cb4       ??_C@_0P@NJGBECCE@ZwAddBootEntry?$AA@ 00406cb4     ntoswrk:VERIFIER.obj
 0001:00005cc4       ??_C@_0BL@LBCFAPLA@ZwAccessCheckAndAuditAlarm?$AA@ 00406cc4     ntoswrk:VERIFIER.obj
 0001:00005ce0       ??_C@_0BD@HKGBGMOG@IoFreeMapRegisters?$AA@ 00406ce0     ntoswrk:VERIFIER.obj
 0001:00005cf4       ??_C@_0BF@GLOANGCD@IoFreeAdapterChannel?$AA@ 00406cf4     ntoswrk:VERIFIER.obj
 0001:00005d0c       ??_C@_0BJ@KFCEPHJG@IoAllocateAdapterChannel?$AA@ 00406d0c     ntoswrk:VERIFIER.obj
 0001:00005d28       ??_C@_0BE@LEBEIBPC@HalFreeCommonBuffer?$AA@ 00406d28     ntoswrk:VERIFIER.obj
 0001:00005d3c       ??_C@_0BI@NNECMFPB@HalAllocateCommonBuffer?$AA@ 00406d3c     ntoswrk:VERIFIER.obj
 0001:00005d54       ??_C@_0BG@ICCJOPAF@IoFlushAdapterBuffers?$AA@ 00406d54     ntoswrk:VERIFIER.obj
 0001:00005d6c       ??_C@_0O@MCJHEAP@IoMapTransfer?$AA@ 00406d6c     ntoswrk:VERIFIER.obj
 0001:00005d7c       ??_C@_0O@NAJHKPON@HalGetAdapter?$AA@ 00406d7c     ntoswrk:VERIFIER.obj
 0001:00005d8c       ??_C@_0BK@PAFEOPMG@ObReferenceObjectByHandle?$AA@ 00406d8c     ntoswrk:VERIFIER.obj
 0001:00005da8       ??_C@_0BO@OCNLMHJA@HalAllocateCrashDumpRegisters?$AA@ 00406da8     ntoswrk:VERIFIER.obj
 0001:00005dc8       ??_C@_0BA@PIHPIHIM@IoGetDmaAdapter?$AA@ 00406dc8     ntoswrk:VERIFIER.obj
 0001:00005dd8       ??_C@_0BK@IPDOLKNL@KeQueryPerformanceCounter?$AA@ 00406dd8     ntoswrk:VERIFIER.obj
 0001:00005df4       ??_C@_0BC@JEDLPOL@IoInitializeTimer?$AA@ 00406df4     ntoswrk:VERIFIER.obj
 0001:00005e08       ??_C@_0BO@PAOFNJIG@IoBuildAsynchronousFsdRequest?$AA@ 00406e08     ntoswrk:VERIFIER.obj
 0001:00005e28       ??_C@_0BO@CPCKJMEP@IoBuildDeviceIoControlRequest?$AA@ 00406e28     ntoswrk:VERIFIER.obj
 0001:00005e48       ??_C@_0BD@CIFKDNMJ@IofCompleteRequest?$AA@ 00406e48     ntoswrk:VERIFIER.obj
 0001:00005e5c       ??_C@_09POLIELFF@IoFreeIrp?$AA@ 00406e5c     ntoswrk:VERIFIER.obj
 0001:00005f50       ??_C@_1EK@NOHGIPMN@?$AA?2?$AAR?$AAE?$AAG?$AAI?$AAS?$AAT?$AAR?$AAY?$AA?2?$AAM?$AAA?$AAC?$AAH?$AAI?$AAN?$AAE?$AA?2?$AAS?$AAO@ 00406f50     ntoswrk:CMSYSINI2.obj
 0001:00006084       _RamdiskBootDiskGuid       00407084     ntoswrk:PNPINIT.obj
 0001:0000629c       ??_C@_0BL@FGKGDOEE@GUID_DEVICE_REMOVAL_VETOED?$AA@ 0040729c     ntoswrk:PNPEVENT.obj
 0001:000062b8       ??_C@_0BJ@PAKKLNFE@GUID_DEVICE_EJECT_VETOED?$AA@ 004072b8     ntoswrk:PNPEVENT.obj
 0001:000062d4       ??_C@_0BJ@FHOCGFHL@GUID_DEVICE_SAFE_REMOVAL?$AA@ 004072d4     ntoswrk:PNPEVENT.obj
 0001:000062f0       ??_C@_0BN@BEIGAFIO@GUID_DEVICE_SURPRISE_REMOVAL?$AA@ 004072f0     ntoswrk:PNPEVENT.obj
 0001:00006310       ??_C@_0BB@MINDJCFK@GUID_DEVICE_NOOP?$AA@ 00407310     ntoswrk:PNPEVENT.obj
 0001:00006324       ??_C@_0BC@IGFLHBNG@GUID_DEVICE_EJECT?$AA@ 00407324     ntoswrk:PNPEVENT.obj
 0001:00006338       ??_C@_0BN@JAOBBMGK@GUID_DEVICE_QUERY_AND_REMOVE?$AA@ 00407338     ntoswrk:PNPEVENT.obj
 0001:00006358       ??_C@_0BL@ENCCPAMK@GUID_DEVICE_REMOVE_PENDING?$AA@ 00407358     ntoswrk:PNPEVENT.obj
 0001:00006374       ??_C@_0BK@OJHAPPFL@GUID_DEVICE_START_REQUEST?$AA@ 00407374     ntoswrk:PNPEVENT.obj
 0001:00006390       ??_C@_0BO@KOIOMFAB@GUID_DEVICE_ENUMERATE_REQUEST?$AA@ 00407390     ntoswrk:PNPEVENT.obj
 0001:000063b0       ??_C@_0BH@CLPAFBAF@GUID_DEVICE_ENUMERATED?$AA@ 004073b0     ntoswrk:PNPEVENT.obj
 0001:000063c8       ??_C@_0BE@PDOFHMMM@GUID_DEVICE_ARRIVAL?$AA@ 004073c8     ntoswrk:PNPEVENT.obj
 0001:000063dc       ??_C@_0BN@CAJJEMII@GUID_PNP_CUSTOM_NOTIFICATION?$AA@ 004073dc     ntoswrk:PNPEVENT.obj
 0001:000063fc       ??_C@_0CD@DENGAMJK@GUID_TARGET_DEVICE_REMOVE_COMPLE@ 004073fc     ntoswrk:PNPEVENT.obj
 0001:00006420       ??_C@_0CE@CLDCDALM@GUID_TARGET_DEVICE_REMOVE_CANCEL@ 00407420     ntoswrk:PNPEVENT.obj
 0001:00006444       ??_C@_0CA@EBOIGJEJ@GUID_TARGET_DEVICE_QUERY_REMOVE?$AA@ 00407444     ntoswrk:PNPEVENT.obj
 0001:00006464       ??_C@_0BO@KCMLDAEA@GUID_DEVICE_INTERFACE_REMOVAL?$AA@ 00407464     ntoswrk:PNPEVENT.obj
 0001:00006484       ??_C@_0BO@IPEGOBCG@GUID_DEVICE_INTERFACE_ARRIVAL?$AA@ 00407484     ntoswrk:PNPEVENT.obj
 0001:000064a4       ??_C@_0BP@FJNKBBFE@GUID_HWPROFILE_CHANGE_COMPLETE?$AA@ 004074a4     ntoswrk:PNPEVENT.obj
 0001:000064c4       ??_C@_0CA@FHIDNDBG@GUID_HWPROFILE_CHANGE_CANCELLED?$AA@ 004074c4     ntoswrk:PNPEVENT.obj
 0001:000064e4       ??_C@_0BM@FFGLHJN@GUID_HWPROFILE_QUERY_CHANGE?$AA@ 004074e4     ntoswrk:PNPEVENT.obj
 0001:00006658       ??_C@_1BG@KMCBNDPK@?$AAA?$AAu?$AAt?$AAo?$AAR?$AAe?$AAb?$AAo?$AAo?$AAt?$AA?$AA@ 00407658     ntoswrk:CMDAT3.obj
 0001:00006670       ??_C@_1BK@FINFFJHL@?$AAC?$AAr?$AAa?$AAs?$AAh?$AAC?$AAo?$AAn?$AAt?$AAr?$AAo?$AAl?$AA?$AA@ 00407670     ntoswrk:CMDAT3.obj
 0001:0000668c       ??_C@_1DA@FIAIHGJJ@?$AAK?$AAe?$AAr?$AAn?$AAe?$AAl?$AAO?$AAn?$AAl?$AAy?$AAC?$AAo?$AAn?$AAf?$AAi?$AAg?$AAu?$AAr?$AAa?$AAt@ 0040768c     ntoswrk:CMDAT3.obj
 0001:000066bc       ??_C@_1CK@CPCDFBHM@?$AAE?$AAm?$AAb?$AAe?$AAd?$AAd?$AAe?$AAd?$AAN?$AAT?$AA?2?$AAE?$AAx?$AAe?$AAc?$AAu?$AAt?$AAi?$AAv?$AAe@ 004076bc     ntoswrk:CMDAT3.obj
 0001:000066e8       ??_C@_1CA@OFLGMBEF@?$AAI?$AAn?$AAi?$AAt?$AAi?$AAa?$AAl?$AA?5?$AAP?$AAr?$AAo?$AAc?$AAe?$AAs?$AAs?$AA?$AA@ 004076e8     ntoswrk:CMDAT3.obj
 0001:00006708       ??_C@_1BO@NKKJJFP@?$AAT?$AAr?$AAa?$AAc?$AAe?$AAA?$AAl?$AAi?$AAg?$AAn?$AAm?$AAe?$AAn?$AAt?$AA?$AA@ 00407708     ntoswrk:CMDAT3.obj
 0001:00006728       ??_C@_1CI@BMLADFAI@?$AAU?$AAs?$AAe?$AAP?$AAe?$AAr?$AAf?$AAo?$AAr?$AAm?$AAa?$AAn?$AAc?$AAe?$AAC?$AAl?$AAo?$AAc?$AAk?$AA?$AA@ 00407728     ntoswrk:CMDAT3.obj
 0001:00006750       ??_C@_1BE@CAJFDKPL@?$AAW?$AAM?$AAI?$AA?2?$AAT?$AAr?$AAa?$AAc?$AAe?$AA?$AA@ 00407750     ntoswrk:CMDAT3.obj
 0001:00006764       ??_C@_1BK@MGJBEAIM@?$AAM?$AAa?$AAx?$AAE?$AAv?$AAe?$AAn?$AAt?$AAS?$AAi?$AAz?$AAe?$AA?$AA@ 00407764     ntoswrk:CMDAT3.obj
 0001:00006780       ??_C@_17JAOENEEM@?$AAW?$AAM?$AAI?$AA?$AA@ 00407780     ntoswrk:CMDAT3.obj
 0001:00006788       ??_C@_1M@FBPBKHKH@?$AAW?$AAO?$AAW?$AA6?$AA4?$AA?$AA@ 00407788     ntoswrk:CMDAT3.obj
 0001:00006794       ??_C@_19GHGNHGLD@?$AAD?$AAF?$AAS?$AAC?$AA?$AA@ 00407794     ntoswrk:CMDAT3.obj
 0001:000067a0       ??_C@_15JEIFMHAO@?$AAM?$AAM?$AA?$AA@ 004077a0     ntoswrk:CMDAT3.obj
 0001:000067a8       ??_C@_1BA@JKCEKNLO@?$AAD?$AAF?$AAR?$AAG?$AAI?$AAF?$AAC?$AA?$AA@ 004077a8     ntoswrk:CMDAT3.obj
 0001:000067b8       ??_C@_1BA@OMLIOJCN@?$AAV?$AAD?$AAS?$AAU?$AAT?$AAI?$AAL?$AA?$AA@ 004077b8     ntoswrk:CMDAT3.obj
 0001:000067c8       ??_C@_1BC@BMCNIKPF@?$AAV?$AAD?$AAS?$AAD?$AAY?$AAN?$AAD?$AAR?$AA?$AA@ 004077c8     ntoswrk:CMDAT3.obj
 0001:000067dc       ??_C@_1O@OGMPALMC@?$AAV?$AAD?$AAS?$AAB?$AAA?$AAS?$AA?$AA@ 004077dc     ntoswrk:CMDAT3.obj
 0001:000067ec       ??_C@_17EEOFDCOB@?$AAV?$AAD?$AAS?$AA?$AA@ 004077ec     ntoswrk:CMDAT3.obj
 0001:000067f4       ??_C@_1BC@KGNJPLCF@?$AAV?$AAE?$AAR?$AAI?$AAF?$AAI?$AAE?$AAR?$AA?$AA@ 004077f4     ntoswrk:CMDAT3.obj
 0001:00006808       ??_C@_1BG@IPGNPLMN@?$AAV?$AAS?$AAS?$AAD?$AAY?$AAN?$AAD?$AAI?$AAS?$AAK?$AA?$AA@ 00407808     ntoswrk:CMDAT3.obj
 0001:00006820       ??_C@_1BK@MCMLANOK@?$AAP?$AAR?$AAI?$AAN?$AAT?$AAS?$AAP?$AAO?$AAO?$AAL?$AAE?$AAR?$AA?$AA@ 00407820     ntoswrk:CMDAT3.obj
 0001:0000683c       ??_C@_1BK@CEBCMCDO@?$AAS?$AAT?$AAO?$AAR?$AAM?$AAI?$AAN?$AAI?$AAP?$AAO?$AAR?$AAT?$AA?$AA@ 0040783c     ntoswrk:CMDAT3.obj
 0001:00006858       ??_C@_1BC@HBMJKFNP@?$AAS?$AAT?$AAO?$AAR?$AAP?$AAO?$AAR?$AAT?$AA?$AA@ 00407858     ntoswrk:CMDAT3.obj
 0001:0000686c       ??_C@_19DBABIMLO@?$AAS?$AAH?$AAP?$AAC?$AA?$AA@ 0040786c     ntoswrk:CMDAT3.obj
 0001:00006878       ??_C@_1O@FAEPPNJD@?$AAI?$AAS?$AAA?$AAP?$AAN?$AAP?$AA?$AA@ 00407878     ntoswrk:CMDAT3.obj
 0001:00006888       ??_C@_1O@BBGFHLK@?$AAT?$AAC?$AAP?$AAI?$AAP?$AA6?$AA?$AA@ 00407888     ntoswrk:CMDAT3.obj
 0001:00006898       ??_C@_17BBCCHIGH@?$AAL?$AAD?$AAR?$AA?$AA@ 00407898     ntoswrk:CMDAT3.obj
 0001:000068a0       ??_C@_1BM@IFPGFGF@?$AAR?$AAT?$AAL?$AAT?$AAH?$AAR?$AAE?$AAA?$AAD?$AAP?$AAO?$AAO?$AAL?$AA?$AA@ 004078a0     ntoswrk:CMDAT3.obj
 0001:000068bc       ??_C@_17LFJDFBHF@?$AAH?$AAP?$AAS?$AA?$AA@ 004078bc     ntoswrk:CMDAT3.obj
 0001:000068c4       ??_C@_1O@KNINEFBA@?$AAI?$AAH?$AAV?$AAB?$AAU?$AAS?$AA?$AA@ 004078c4     ntoswrk:CMDAT3.obj
 0001:000068d4       ??_C@_1BK@GJFHDEAF@?$AAI?$AAH?$AAV?$AAS?$AAT?$AAR?$AAE?$AAA?$AAM?$AAI?$AAN?$AAG?$AA?$AA@ 004078d4     ntoswrk:CMDAT3.obj
 0001:000068f0       ??_C@_1BG@FDDPAKEP@?$AAI?$AAH?$AAV?$AAN?$AAE?$AAT?$AAW?$AAO?$AAR?$AAK?$AA?$AA@ 004078f0     ntoswrk:CMDAT3.obj
 0001:00006908       ??_C@_1BC@OKMCNIOK@?$AAI?$AAH?$AAV?$AAA?$AAU?$AAD?$AAI?$AAO?$AA?$AA@ 00407908     ntoswrk:CMDAT3.obj
 0001:0000691c       ??_C@_1BC@NIBCHNIE@?$AAI?$AAH?$AAV?$AAV?$AAI?$AAD?$AAE?$AAO?$AA?$AA@ 0040791c     ntoswrk:CMDAT3.obj
 0001:00006930       ??_C@_1BE@EMFIGANI@?$AAI?$AAH?$AAV?$AAD?$AAR?$AAI?$AAV?$AAE?$AAR?$AA?$AA@ 00407930     ntoswrk:CMDAT3.obj
 0001:00006944       ??_C@_1BG@CBLDGOCA@?$AAI?$AAN?$AAF?$AAI?$AAN?$AAI?$AAB?$AAA?$AAN?$AAD?$AA?$AA@ 00407944     ntoswrk:CMDAT3.obj
 0001:0000695c       ??_C@_15KFCDODCM@?$AAS?$AAR?$AA?$AA@ 0040795c     ntoswrk:CMDAT3.obj
 0001:00006964       ??_C@_1BC@ONGGPNBD@?$AAD?$AAM?$AAS?$AAE?$AAR?$AAV?$AAE?$AAR?$AA?$AA@ 00407964     ntoswrk:CMDAT3.obj
 0001:00006978       ??_C@_1BE@JHOCBNEO@?$AAP?$AAR?$AAO?$AAC?$AAE?$AAS?$AAS?$AAO?$AAR?$AA?$AA@ 00407978     ntoswrk:CMDAT3.obj
 0001:0000698c       ??_C@_1O@ONHKGDAA@?$AAP?$AAN?$AAP?$AAM?$AAE?$AAM?$AA?$AA@ 0040798c     ntoswrk:CMDAT3.obj
 0001:0000699c       ??_C@_17FKDGAAMC@?$AAV?$AAS?$AAS?$AA?$AA@ 0040799c     ntoswrk:CMDAT3.obj
 0001:000069a4       ??_C@_1BO@CMPFHEFK@?$AAW?$AAS?$AAO?$AAC?$AAK?$AAT?$AAR?$AAA?$AAN?$AAS?$AAP?$AAO?$AAR?$AAT?$AA?$AA@ 004079a4     ntoswrk:CMDAT3.obj
 0001:000069c4       ??_C@_1BA@MCNLHGKO@?$AAD?$AAM?$AAA?$AAD?$AAM?$AAI?$AAN?$AA?$AA@ 004079c4     ntoswrk:CMDAT3.obj
 0001:000069d4       ??_C@_1BC@DAMPBOIF@?$AAD?$AAM?$AAC?$AAO?$AAN?$AAF?$AAI?$AAG?$AA?$AA@ 004079d4     ntoswrk:CMDAT3.obj
 0001:000069e8       ??_C@_19NCJMPEKA@?$AAD?$AAM?$AAI?$AAO?$AA?$AA@ 004079e8     ntoswrk:CMDAT3.obj
 0001:000069f4       ??_C@_17KACLLMCF@?$AAP?$AAC?$AAI?$AA?$AA@ 004079f4     ntoswrk:CMDAT3.obj
 0001:000069fc       ??_C@_1O@JMECDIHP@?$AAF?$AAC?$AAP?$AAO?$AAR?$AAT?$AA?$AA@ 004079fc     ntoswrk:CMDAT3.obj
 0001:00006a0c       ??_C@_1BC@JHEFHMBN@?$AAR?$AAS?$AAF?$AAI?$AAL?$AAT?$AAE?$AAR?$AA?$AA@ 00407a0c     ntoswrk:CMDAT3.obj
 0001:00006a20       ??_C@_1BG@EDAEBFFN@?$AAP?$AAR?$AAE?$AAF?$AAE?$AAT?$AAC?$AAH?$AAE?$AAR?$AA?$AA@ 00407a20     ntoswrk:CMDAT3.obj
 0001:00006a38       ??_C@_1BA@JAGAADAG@?$AAW?$AA3?$AA2?$AAT?$AAI?$AAM?$AAE?$AA?$AA@ 00407a38     ntoswrk:CMDAT3.obj
 0001:00006a48       ??_C@_1BA@FLLOMPB@?$AAT?$AAE?$AAR?$AAM?$AAS?$AAR?$AAV?$AA?$AA@ 00407a48     ntoswrk:CMDAT3.obj
 0001:00006a58       ??_C@_17GIEHFEFF@?$AAF?$AAD?$AAC?$AA?$AA@ 00407a58     ntoswrk:CMDAT3.obj
 0001:00006a60       ??_C@_1O@CCEKCHDK@?$AAF?$AAL?$AAO?$AAP?$AAP?$AAY?$AA?$AA@ 00407a60     ntoswrk:CMDAT3.obj
 0001:00006a70       ??_C@_1O@CCMMDNHM@?$AAP?$AAC?$AAI?$AAI?$AAD?$AAE?$AA?$AA@ 00407a70     ntoswrk:CMDAT3.obj
 0001:00006a80       ??_C@_19EHJFODIJ@?$AAI?$AAD?$AAE?$AAP?$AA?$AA@ 00407a80     ntoswrk:CMDAT3.obj
 0001:00006a8c       ??_C@_1M@NGEKBHII@?$AAM?$AAC?$AAH?$AAG?$AAR?$AA?$AA@ 00407a8c     ntoswrk:CMDAT3.obj
 0001:00006a98       ??_C@_19OJPJNDDA@?$AAT?$AAA?$AAP?$AAE?$AA?$AA@ 00407a98     ntoswrk:CMDAT3.obj
 0001:00006aa4       ??_C@_1BA@LAKPCDKK@?$AAS?$AAO?$AAF?$AAT?$AAP?$AAC?$AAI?$AA?$AA@ 00407aa4     ntoswrk:CMDAT3.obj
 0001:00006ab4       ??_C@_1BC@HAGOAFFK@?$AAI?$AAD?$AAL?$AAE?$AAT?$AAA?$AAS?$AAK?$AA?$AA@ 00407ab4     ntoswrk:CMDAT3.obj
 0001:00006ac8       ??_C@_1O@NCNDGEFJ@?$AAF?$AAU?$AAS?$AAI?$AAO?$AAN?$AA?$AA@ 00407ac8     ntoswrk:CMDAT3.obj
 0001:00006ad8       ??_C@_17HIBBPOGF@?$AAS?$AAX?$AAS?$AA?$AA@ 00407ad8     ntoswrk:CMDAT3.obj
 0001:00006ae0       ??_C@_1M@ENABOFNC@?$AAI?$AAM?$AAA?$AAP?$AAI?$AA?$AA@ 00407ae0     ntoswrk:CMDAT3.obj
 0001:00006aec       ??_C@_1BA@BLONPGFC@?$AAB?$AAU?$AAR?$AAN?$AAE?$AAN?$AAG?$AA?$AA@ 00407aec     ntoswrk:CMDAT3.obj
 0001:00006afc       ??_C@_1BA@BFNBODGB@?$AAW?$AAM?$AAI?$AAC?$AAO?$AAR?$AAE?$AA?$AA@ 00407afc     ntoswrk:CMDAT3.obj
 0001:00006b0c       ??_C@_1O@NDGIMMPN@?$AAF?$AAL?$AAT?$AAM?$AAG?$AAR?$AA?$AA@ 00407b0c     ntoswrk:CMDAT3.obj
 0001:00006b1c       ??_C@_17LAJLCPFL@?$AAS?$AAI?$AAS?$AA?$AA@ 00407b1c     ntoswrk:CMDAT3.obj
 0001:00006b24       ??_C@_1BC@FDGCEING@?$AAU?$AAN?$AAI?$AAM?$AAO?$AAD?$AAE?$AAM?$AA?$AA@ 00407b24     ntoswrk:CMDAT3.obj
 0001:00006b38       ??_C@_1O@LPCHMKNG@?$AAD?$AAC?$AAO?$AAM?$AAS?$AAS?$AA?$AA@ 00407b38     ntoswrk:CMDAT3.obj
 0001:00006b48       ??_C@_1BA@GIDKNJFM@?$AAA?$AAU?$AAT?$AAO?$AAC?$AAH?$AAK?$AA?$AA@ 00407b48     ntoswrk:CMDAT3.obj
 0001:00006b58       ??_C@_1BC@NLGAHLIN@?$AAR?$AAP?$AAC?$AAP?$AAR?$AAO?$AAX?$AAY?$AA?$AA@ 00407b58     ntoswrk:CMDAT3.obj
 0001:00006b6c       ??_C@_19CEIKLEHF@?$AAU?$AAH?$AAC?$AAD?$AA?$AA@ 00407b6c     ntoswrk:CMDAT3.obj
 0001:00006b78       ??_C@_1BA@JGDGJAKM@?$AAS?$AAE?$AAR?$AAE?$AAN?$AAU?$AAM?$AA?$AA@ 00407b78     ntoswrk:CMDAT3.obj
 0001:00006b88       ??_C@_1O@EDBLBJGB@?$AAS?$AAE?$AAR?$AAI?$AAA?$AAL?$AA?$AA@ 00407b88     ntoswrk:CMDAT3.obj
 0001:00006b98       ??_C@_1BC@JLKELIPB@?$AAS?$AAC?$AAC?$AAL?$AAI?$AAE?$AAN?$AAT?$AA?$AA@ 00407b98     ntoswrk:CMDAT3.obj
 0001:00006bac       ??_C@_1BC@CGJFNME@?$AAS?$AAC?$AAS?$AAE?$AAR?$AAV?$AAE?$AAR?$AA?$AA@ 00407bac     ntoswrk:CMDAT3.obj
 0001:00006bc0       ??_C@_1O@LDPMBPKI@?$AAN?$AAE?$AAT?$AAA?$AAP?$AAI?$AA?$AA@ 00407bc0     ntoswrk:CMDAT3.obj
 0001:00006bd0       ??_C@_1O@KIMIIFMC@?$AAP?$AAN?$AAP?$AAM?$AAG?$AAR?$AA?$AA@ 00407bd0     ntoswrk:CMDAT3.obj
 0001:00006be0       ??_C@_1M@FPINNANL@?$AAS?$AAA?$AAM?$AAS?$AAS?$AA?$AA@ 00407be0     ntoswrk:CMDAT3.obj
 0001:00006bec       ??_C@_1BA@CGJOBJKL@?$AAF?$AAA?$AAS?$AAT?$AAF?$AAA?$AAT?$AA?$AA@ 00407bec     ntoswrk:CMDAT3.obj
 0001:00006bfc       ??_C@_1BA@JILCHCMP@?$AAN?$AAT?$AAO?$AAS?$AAP?$AAN?$AAP?$AA?$AA@ 00407bfc     ntoswrk:CMDAT3.obj
 0001:00006c0c       ??_C@_1BA@OEAEEGOP@?$AAD?$AAM?$AAS?$AAY?$AAN?$AAT?$AAH?$AA?$AA@ 00407c0c     ntoswrk:CMDAT3.obj
 0001:00006c1c       ??_C@_1M@HIKGEDIA@?$AAT?$AAC?$AAP?$AAI?$AAP?$AA?$AA@ 00407c1c     ntoswrk:CMDAT3.obj
 0001:00006c28       ??_C@_1BC@DONIHOID@?$AAV?$AAI?$AAD?$AAE?$AAO?$AAP?$AAR?$AAT?$AA?$AA@ 00407c28     ntoswrk:CMDAT3.obj
 0001:00006c3c       ??_C@_1BA@NJEEFIKO@?$AAS?$AAV?$AAC?$AAH?$AAO?$AAS?$AAT?$AA?$AA@ 00407c3c     ntoswrk:CMDAT3.obj
 0001:00006c4c       ??_C@_1M@EPGPFLF@?$AAV?$AAI?$AAD?$AAE?$AAO?$AA?$AA@ 00407c4c     ntoswrk:CMDAT3.obj
 0001:00006c58       ??_C@_1BA@INAEFELG@?$AAH?$AAA?$AAL?$AAI?$AAA?$AA6?$AA4?$AA?$AA@ 00407c58     ntoswrk:CMDAT3.obj
 0001:00006c68       ??_C@_19EBBDPBIL@?$AAA?$AAM?$AAL?$AAI?$AA?$AA@ 00407c68     ntoswrk:CMDAT3.obj
 0001:00006c74       ??_C@_19CAINCBFJ@?$AAA?$AAC?$AAP?$AAI?$AA?$AA@ 00407c74     ntoswrk:CMDAT3.obj
 0001:00006c80       ??_C@_1O@MHJJGBKB@?$AAW?$AAM?$AAI?$AAL?$AAI?$AAB?$AA?$AA@ 00407c80     ntoswrk:CMDAT3.obj
 0001:00006c90       ??_C@_1BC@IHJNOKFB@?$AAT?$AAW?$AAO?$AAT?$AAR?$AAA?$AAC?$AAK?$AA?$AA@ 00407c90     ntoswrk:CMDAT3.obj
 0001:00006ca4       ??_C@_1BC@KHBACBEB@?$AAM?$AAO?$AAU?$AAC?$AAL?$AAA?$AAS?$AAS?$AA?$AA@ 00407ca4     ntoswrk:CMDAT3.obj
 0001:00006cb8       ??_C@_1BC@FLJLACIH@?$AAK?$AAB?$AAD?$AAC?$AAL?$AAA?$AAS?$AAS?$AA?$AA@ 00407cb8     ntoswrk:CMDAT3.obj
 0001:00006ccc       ??_C@_1O@DJECJIJ@?$AAM?$AAO?$AAU?$AAH?$AAI?$AAD?$AA?$AA@ 00407ccc     ntoswrk:CMDAT3.obj
 0001:00006cdc       ??_C@_1O@KNJFIJAH@?$AAK?$AAB?$AAD?$AAH?$AAI?$AAD?$AA?$AA@ 00407cdc     ntoswrk:CMDAT3.obj
 0001:00006cec       ??_C@_1BC@NEFJHNBI@?$AAL?$AAS?$AAE?$AAR?$AAM?$AAO?$AAU?$AAS?$AA?$AA@ 00407cec     ntoswrk:CMDAT3.obj
 0001:00006d00       ??_C@_1BC@IOGFCALD@?$AAS?$AAE?$AAR?$AAM?$AAO?$AAU?$AAS?$AAE?$AA?$AA@ 00407d00     ntoswrk:CMDAT3.obj
 0001:00006d14       ??_C@_1BC@NIJBFLJG@?$AAI?$AA8?$AA0?$AA4?$AA2?$AAP?$AAR?$AAT?$AA?$AA@ 00407d14     ntoswrk:CMDAT3.obj
 0001:00006d28       ??_C@_1O@BAHOLLMK@?$AAC?$AAO?$AAN?$AAF?$AAI?$AAG?$AA?$AA@ 00407d28     ntoswrk:CMDAT3.obj
 0001:00006d38       ??_C@_1BK@PEMAEFGI@?$AAS?$AAC?$AAS?$AAI?$AAM?$AAI?$AAN?$AAI?$AAP?$AAO?$AAR?$AAT?$AA?$AA@ 00407d38     ntoswrk:CMDAT3.obj
 0001:00006d54       ??_C@_1BC@FLNKIHIH@?$AAS?$AAC?$AAS?$AAI?$AAP?$AAO?$AAR?$AAT?$AA?$AA@ 00407d54     ntoswrk:CMDAT3.obj
 0001:00006d68       ??_C@_1BC@KGFNAHDH@?$AAS?$AAT?$AAO?$AAR?$AAP?$AAR?$AAO?$AAP?$AA?$AA@ 00407d68     ntoswrk:CMDAT3.obj
 0001:00006d7c       ??_C@_1BA@HCCLCMOH@?$AAR?$AAE?$AAD?$AAB?$AAO?$AAO?$AAK?$AA?$AA@ 00407d7c     ntoswrk:CMDAT3.obj
 0001:00006d8c       ??_C@_19HLPJEMPA@?$AAD?$AAI?$AAS?$AAK?$AA?$AA@ 00407d8c     ntoswrk:CMDAT3.obj
 0001:00006d98       ??_C@_1BC@CPLKIMMK@?$AAC?$AAL?$AAA?$AAS?$AAS?$AAP?$AAN?$AAP?$AA?$AA@ 00407d98     ntoswrk:CMDAT3.obj
 0001:00006dac       ??_C@_1M@NEPFDHKI@?$AAC?$AAD?$AAR?$AAO?$AAM?$AA?$AA@ 00407dac     ntoswrk:CMDAT3.obj
 0001:00006db8       ??_C@_1BA@POOLOHAD@?$AAC?$AAD?$AAA?$AAU?$AAD?$AAI?$AAO?$AA?$AA@ 00407db8     ntoswrk:CMDAT3.obj
 0001:00006dc8       ??_C@_1BE@OEMOMKBO@?$AAC?$AAR?$AAA?$AAS?$AAH?$AAD?$AAU?$AAM?$AAP?$AA?$AA@ 00407dc8     ntoswrk:CMDAT3.obj
 0001:00006ddc       ??_C@_1M@LFGFOCAF@?$AAF?$AAS?$AAT?$AAU?$AAB?$AA?$AA@ 00407ddc     ntoswrk:CMDAT3.obj
 0001:00006de8       ??_C@_19ENNDBEJL@?$AAN?$AAT?$AAF?$AAS?$AA?$AA@ 00407de8     ntoswrk:CMDAT3.obj
 0001:00006df4       ??_C@_1M@PBHOBGFC@?$AAS?$AAE?$AAT?$AAU?$AAP?$AA?$AA@ 00407df4     ntoswrk:CMDAT3.obj
 0001:00006e00       ??_C@_19KPGMKHOL@?$AAS?$AAM?$AAS?$AAS?$AA?$AA@ 00407e00     ntoswrk:CMDAT3.obj
 0001:00006e0c       ??_C@_1BA@NMDBGJA@?$AAW?$AAI?$AAN?$AA2?$AA0?$AA0?$AA0?$AA?$AA@ 00407e0c     ntoswrk:CMDAT3.obj
 0001:00006e20       ??_C@_1EG@IBJIGFPH@?$AAS?$AAe?$AAs?$AAs?$AAi?$AAo?$AAn?$AA?5?$AAM?$AAa?$AAn?$AAa?$AAg?$AAe?$AAr?$AA?2?$AAD?$AAe?$AAb?$AAu@ 00407e20     ntoswrk:CMDAT3.obj
 0001:00006e68       ??_C@_1CC@OEFBDJFJ@?$AAD?$AAe?$AAb?$AAu?$AAg?$AAg?$AAe?$AAr?$AA?5?$AAR?$AAe?$AAt?$AAr?$AAi?$AAe?$AAs?$AA?$AA@ 00407e68     ntoswrk:CMDAT3.obj
 0001:00006e8c       ??_C@_1DA@LIECLLEO@?$AAW?$AAi?$AAn?$AA3?$AA2?$AAP?$AAr?$AAi?$AAo?$AAr?$AAi?$AAt?$AAy?$AAS?$AAe?$AAp?$AAa?$AAr?$AAa?$AAt@ 00407e8c     ntoswrk:CMDAT3.obj
 0001:00006ebc       ??_C@_1CA@EJHPIDFK@?$AAP?$AAr?$AAi?$AAo?$AAr?$AAi?$AAt?$AAy?$AAC?$AAo?$AAn?$AAt?$AAr?$AAo?$AAl?$AA?$AA@ 00407ebc     ntoswrk:CMDAT3.obj
 0001:00006edc       ??_C@_1BK@DFILMBJE@?$AAS?$AAh?$AAu?$AAt?$AAd?$AAo?$AAw?$AAn?$AAT?$AAi?$AAm?$AAe?$AA?$AA@ 00407edc     ntoswrk:CMDAT3.obj
 0001:00006ef8       ??_C@_1DO@MDCOAGDG@?$AAM?$AAa?$AAx?$AAT?$AAi?$AAm?$AAe?$AAS?$AAe?$AAp?$AAa?$AAr?$AAa?$AAt?$AAi?$AAo?$AAn?$AAB?$AAe?$AAf@ 00407ef8     ntoswrk:CMDAT3.obj
 0001:00006f38       ??_C@_1CI@CEOPHINK@?$AAP?$AAo?$AAw?$AAe?$AAr?$AAP?$AAo?$AAl?$AAi?$AAc?$AAy?$AAS?$AAi?$AAm?$AAu?$AAl?$AAa?$AAt?$AAe?$AA?$AA@ 00407f38     ntoswrk:CMDAT3.obj
 0001:00006f60       ??_C@_1CG@KKOPEABL@?$AAL?$AAi?$AAc?$AAe?$AAn?$AAs?$AAe?$AAd?$AAP?$AAr?$AAo?$AAc?$AAe?$AAs?$AAs?$AAo?$AAr?$AAs?$AA?$AA@ 00407f60     ntoswrk:CMDAT3.obj
 0001:00006f88       ??_C@_1CK@MGFKENMJ@?$AAR?$AAe?$AAg?$AAi?$AAs?$AAt?$AAe?$AAr?$AAe?$AAd?$AAP?$AAr?$AAo?$AAc?$AAe?$AAs?$AAs?$AAo?$AAr?$AAs@ 00407f88     ntoswrk:CMDAT3.obj
 0001:00006fb4       ??_C@_1DG@LHEPEEHN@?$AAR?$AAe?$AAg?$AAi?$AAs?$AAt?$AAr?$AAy?$AAL?$AAa?$AAz?$AAy?$AAF?$AAl?$AAu?$AAs?$AAh?$AAH?$AAi?$AAv@ 00407fb4     ntoswrk:CMDAT3.obj
 0001:00006fec       ??_C@_1DE@BEFLENJI@?$AAR?$AAe?$AAg?$AAi?$AAs?$AAt?$AAr?$AAy?$AAL?$AAa?$AAz?$AAy?$AAF?$AAl?$AAu?$AAs?$AAh?$AAI?$AAn?$AAt@ 00407fec     ntoswrk:CMDAT3.obj
 0001:00007020       ??_C@_1CG@GEGOGCNE@?$AAS?$AAe?$AAl?$AAf?$AAH?$AAe?$AAa?$AAl?$AAi?$AAn?$AAg?$AAE?$AAn?$AAa?$AAb?$AAl?$AAe?$AAd?$AA?$AA@ 00408020     ntoswrk:CMDAT3.obj
 0001:00007048       ??_C@_1CK@FFMPONLC@?$AAR?$AAe?$AAg?$AAi?$AAs?$AAt?$AAr?$AAy?$AAL?$AAo?$AAg?$AAS?$AAi?$AAz?$AAe?$AAL?$AAi?$AAm?$AAi?$AAt@ 00408048     ntoswrk:CMDAT3.obj
 0001:00007078       ??_C@_1EM@GLLAFOJP@?$AAS?$AAe?$AAs?$AAs?$AAi?$AAo?$AAn?$AA?5?$AAM?$AAa?$AAn?$AAa?$AAg?$AAe?$AAr?$AA?2?$AAC?$AAo?$AAn?$AAf@ 00408078     ntoswrk:CMDAT3.obj
 0001:000070c4       ??_C@_1CE@LLLFBDPK@?$AAR?$AAe?$AAg?$AAi?$AAs?$AAt?$AAr?$AAy?$AAS?$AAi?$AAz?$AAe?$AAL?$AAi?$AAm?$AAi?$AAt?$AA?$AA@ 004080c4     ntoswrk:CMDAT3.obj
 0001:000070e8       ??_C@_15EODNFOFM@?$AA?$AA?$AA?$AA?$AA?$AA@ 004080e8     ntoswrk:CMDAT3.obj
 0001:000070f0       ??_C@_1CA@HNCMOGDF@?$AAI?$AAn?$AAs?$AAt?$AAa?$AAl?$AAl?$AAL?$AAa?$AAn?$AAg?$AAu?$AAa?$AAg?$AAe?$AA?$AA@ 004080f0     ntoswrk:CMDAT3.obj
 0001:00007110       ??_C@_1BA@GHOECOCL@?$AAD?$AAe?$AAf?$AAa?$AAu?$AAl?$AAt?$AA?$AA@ 00408110     ntoswrk:CMDAT3.obj
 0001:00007120       ??_C@_1BK@HGJAIMGI@?$AAN?$AAl?$AAs?$AA?2?$AAL?$AAa?$AAn?$AAg?$AAu?$AAa?$AAg?$AAe?$AA?$AA@ 00408120     ntoswrk:CMDAT3.obj
 0001:0000713c       ??_C@_1BO@PKBACOLK@?$AAC?$AAS?$AAD?$AAR?$AAe?$AAl?$AAe?$AAa?$AAs?$AAe?$AAT?$AAy?$AAp?$AAe?$AA?$AA@ 0040813c     ntoswrk:CMDAT3.obj
 0001:0000715c       ??_C@_1BG@MEBEMGBM@?$AAC?$AAS?$AAD?$AAV?$AAe?$AAr?$AAs?$AAi?$AAo?$AAn?$AA?$AA@ 0040815c     ntoswrk:CMDAT3.obj
 0001:00007174       ??_C@_1BA@HLGGGPNC@?$AAW?$AAi?$AAn?$AAd?$AAo?$AAw?$AAs?$AA?$AA@ 00408174     ntoswrk:CMDAT3.obj
 0001:00007184       ??_C@_1BI@LIHNICPI@?$AAT?$AAS?$AAA?$AAp?$AAp?$AAC?$AAo?$AAm?$AAp?$AAa?$AAt?$AA?$AA@ 00408184     ntoswrk:CMDAT3.obj
 0001:0000719c       ??_C@_1BE@LOMDLCE@?$AAT?$AAS?$AAE?$AAn?$AAa?$AAb?$AAl?$AAe?$AAd?$AA?$AA@ 0040819c     ntoswrk:CMDAT3.obj
 0001:000071b0       ??_C@_1M@DADFOLAB@?$AAB?$AAr?$AAa?$AAn?$AAd?$AA?$AA@ 004081b0     ntoswrk:CMDAT3.obj
 0001:000071bc       ??_C@_1BO@EDPDEJHE@?$AAP?$AAr?$AAo?$AAd?$AAu?$AAc?$AAt?$AAO?$AAp?$AAt?$AAi?$AAo?$AAn?$AAs?$AA?$AA@ 004081bc     ntoswrk:CMDAT3.obj
 0001:000071dc       ??_C@_1DO@PIGCMHBI@?$AAH?$AAe?$AAa?$AAp?$AAD?$AAe?$AAC?$AAo?$AAm?$AAm?$AAi?$AAt?$AAF?$AAr?$AAe?$AAe?$AAB?$AAl?$AAo?$AAc@ 004081dc     ntoswrk:CMDAT3.obj
 0001:0000721c       ??_C@_1DO@OACFDBCF@?$AAH?$AAe?$AAa?$AAp?$AAD?$AAe?$AAC?$AAo?$AAm?$AAm?$AAi?$AAt?$AAT?$AAo?$AAt?$AAa?$AAl?$AAF?$AAr?$AAe@ 0040821c     ntoswrk:CMDAT3.obj
 0001:0000725c       ??_C@_1CE@BDMILKLE@?$AAH?$AAe?$AAa?$AAp?$AAS?$AAe?$AAg?$AAm?$AAe?$AAn?$AAt?$AAC?$AAo?$AAm?$AAm?$AAi?$AAt?$AA?$AA@ 0040825c     ntoswrk:CMDAT3.obj
 0001:00007280       ??_C@_1CG@KHHKKCCD@?$AAH?$AAe?$AAa?$AAp?$AAS?$AAe?$AAg?$AAm?$AAe?$AAn?$AAt?$AAR?$AAe?$AAs?$AAe?$AAr?$AAv?$AAe?$AA?$AA@ 00408280     ntoswrk:CMDAT3.obj
 0001:000072a8       ??_C@_1CO@KFGOODJE@?$AAC?$AAr?$AAi?$AAt?$AAi?$AAc?$AAa?$AAl?$AAS?$AAe?$AAc?$AAt?$AAi?$AAo?$AAn?$AAT?$AAi?$AAm?$AAe?$AAo@ 004082a8     ntoswrk:CMDAT3.obj
 0001:000072d8       ??_C@_1CG@NEPCKEJL@?$AAR?$AAe?$AAs?$AAo?$AAu?$AAr?$AAc?$AAe?$AAC?$AAh?$AAe?$AAc?$AAk?$AAF?$AAl?$AAa?$AAg?$AAs?$AA?$AA@ 004082d8     ntoswrk:CMDAT3.obj
 0001:00007300       ??_C@_1CK@KMFCKJPP@?$AAR?$AAe?$AAs?$AAo?$AAu?$AAr?$AAc?$AAe?$AAT?$AAi?$AAm?$AAe?$AAo?$AAu?$AAt?$AAC?$AAo?$AAu?$AAn?$AAt@ 00408300     ntoswrk:CMDAT3.obj
 0001:0000732c       ??_C@_1CO@MFHFIDKO@?$AAI?$AAo?$AAF?$AAa?$AAi?$AAl?$AAZ?$AAe?$AAr?$AAo?$AAA?$AAc?$AAc?$AAe?$AAs?$AAs?$AAC?$AAr?$AAe?$AAa@ 0040832c     ntoswrk:CMDAT3.obj
 0001:0000735c       ??_C@_1CA@CPEOMDEM@?$AAI?$AAo?$AAV?$AAe?$AAr?$AAi?$AAf?$AAi?$AAe?$AAr?$AAL?$AAe?$AAv?$AAe?$AAl?$AA?$AA@ 0040835c     ntoswrk:CMDAT3.obj
 0001:0000737c       ??_C@_1CO@MCPKDEEK@?$AAL?$AAa?$AAr?$AAg?$AAe?$AAI?$AAr?$AAp?$AAS?$AAt?$AAa?$AAc?$AAk?$AAL?$AAo?$AAc?$AAa?$AAt?$AAi?$AAo@ 0040837c     ntoswrk:CMDAT3.obj
 0001:000073ac       ??_C@_1CA@FNJCKJAF@?$AAC?$AAo?$AAu?$AAn?$AAt?$AAO?$AAp?$AAe?$AAr?$AAa?$AAt?$AAi?$AAo?$AAn?$AAs?$AA?$AA@ 004083ac     ntoswrk:CMDAT3.obj
 0001:000073cc       ??_C@_1DG@DNIHPMPB@?$AAS?$AAe?$AAs?$AAs?$AAi?$AAo?$AAn?$AA?5?$AAM?$AAa?$AAn?$AAa?$AAg?$AAe?$AAr?$AA?2?$AAI?$AA?1?$AAO?$AA?5@ 004083cc     ntoswrk:CMDAT3.obj
 0001:00007404       ??_C@_1CE@OHLELLPC@?$AAO?$AAb?$AAC?$AAa?$AAs?$AAe?$AAI?$AAn?$AAs?$AAe?$AAn?$AAs?$AAi?$AAt?$AAi?$AAv?$AAe?$AA?$AA@ 00408404     ntoswrk:CMDAT3.obj
 0001:00007428       ??_C@_1DC@NFJCCEEE@?$AAP?$AAe?$AAr?$AAf?$AAB?$AAu?$AAs?$AAy?$AAA?$AAd?$AAj?$AAm?$AAe?$AAn?$AAt?$AAT?$AAh?$AAr?$AAe?$AAs@ 00408428     ntoswrk:CMDAT3.obj
 0001:0000745c       ??_C@_1CG@KDMPMEJG@?$AAP?$AAe?$AAr?$AAf?$AAM?$AAa?$AAx?$AAC?$AA3?$AAF?$AAr?$AAe?$AAq?$AAu?$AAe?$AAn?$AAc?$AAy?$AA?$AA@ 0040845c     ntoswrk:CMDAT3.obj
 0001:00007488       ??_C@_1EA@JJMCMOOG@?$AAP?$AAe?$AAr?$AAf?$AAD?$AAe?$AAg?$AAr?$AAa?$AAd?$AAe?$AAT?$AAh?$AAr?$AAo?$AAt?$AAt?$AAl?$AAe?$AAM@ 00408488     ntoswrk:CMDAT3.obj
 0001:000074c8       ??_C@_1DO@CFPIGLJP@?$AAP?$AAe?$AAr?$AAf?$AAD?$AAe?$AAg?$AAr?$AAa?$AAd?$AAe?$AAT?$AAh?$AAr?$AAo?$AAt?$AAt?$AAl?$AAe?$AAM@ 004084c8     ntoswrk:CMDAT3.obj
 0001:00007508       ??_C@_1DA@GHAFCEPB@?$AAP?$AAe?$AAr?$AAf?$AAD?$AAe?$AAc?$AAr?$AAe?$AAa?$AAs?$AAe?$AAM?$AAi?$AAn?$AAi?$AAm?$AAu?$AAm?$AAT@ 00408508     ntoswrk:CMDAT3.obj
 0001:00007538       ??_C@_1CM@DNGNOLDG@?$AAP?$AAe?$AAr?$AAf?$AAD?$AAe?$AAc?$AAr?$AAe?$AAa?$AAs?$AAe?$AAT?$AAi?$AAm?$AAe?$AAV?$AAa?$AAl?$AAu@ 00408538     ntoswrk:CMDAT3.obj
 0001:00007564       ??_C@_1DA@JIDKIOGH@?$AAP?$AAe?$AAr?$AAf?$AAI?$AAn?$AAc?$AAr?$AAe?$AAa?$AAs?$AAe?$AAM?$AAi?$AAn?$AAi?$AAm?$AAu?$AAm?$AAT@ 00408564     ntoswrk:CMDAT3.obj
 0001:00007594       ??_C@_1CM@HCAIKKLB@?$AAP?$AAe?$AAr?$AAf?$AAI?$AAn?$AAc?$AAr?$AAe?$AAa?$AAs?$AAe?$AAT?$AAi?$AAm?$AAe?$AAV?$AAa?$AAl?$AAu@ 00408594     ntoswrk:CMDAT3.obj
 0001:000075c0       ??_C@_1DK@ONPCFGDN@?$AAP?$AAe?$AAr?$AAf?$AAD?$AAe?$AAc?$AAr?$AAe?$AAa?$AAs?$AAe?$AAA?$AAb?$AAs?$AAo?$AAl?$AAu?$AAt?$AAe@ 004085c0     ntoswrk:CMDAT3.obj
 0001:000075fc       ??_C@_1DI@NDMEFCNB@?$AAP?$AAe?$AAr?$AAf?$AAD?$AAe?$AAc?$AAr?$AAe?$AAa?$AAs?$AAe?$AAP?$AAe?$AAr?$AAc?$AAe?$AAn?$AAt?$AAM@ 004085fc     ntoswrk:CMDAT3.obj
 0001:00007634       ??_C@_1DK@JOBGKNAA@?$AAP?$AAe?$AAr?$AAf?$AAI?$AAn?$AAc?$AAr?$AAe?$AAa?$AAs?$AAe?$AAA?$AAb?$AAs?$AAo?$AAl?$AAu?$AAt?$AAe@ 00408634     ntoswrk:CMDAT3.obj
 0001:00007670       ??_C@_1DI@OGLIBBHD@?$AAP?$AAe?$AAr?$AAf?$AAI?$AAn?$AAc?$AAr?$AAe?$AAa?$AAs?$AAe?$AAP?$AAe?$AAr?$AAc?$AAe?$AAn?$AAt?$AAM@ 00408670     ntoswrk:CMDAT3.obj
 0001:000076a8       ??_C@_1DG@IIGCGBDG@?$AAP?$AAe?$AAr?$AAf?$AAC?$AAr?$AAi?$AAt?$AAi?$AAc?$AAa?$AAl?$AAF?$AAr?$AAe?$AAq?$AAu?$AAe?$AAn?$AAc@ 004086a8     ntoswrk:CMDAT3.obj
 0001:000076e0       ??_C@_1CM@FCIICEOF@?$AAP?$AAe?$AAr?$AAf?$AAC?$AAr?$AAi?$AAt?$AAi?$AAc?$AAa?$AAl?$AAT?$AAi?$AAm?$AAe?$AAD?$AAe?$AAl?$AAt@ 004086e0     ntoswrk:CMDAT3.obj
 0001:0000770c       ??_C@_1BM@ONPLJCJH@?$AAP?$AAe?$AAr?$AAf?$AAT?$AAi?$AAm?$AAe?$AAD?$AAe?$AAl?$AAt?$AAa?$AA?$AA@ 0040870c     ntoswrk:CMDAT3.obj
 0001:00007728       ??_C@_1DC@PLHEJCPM@?$AAS?$AAe?$AAs?$AAs?$AAi?$AAo?$AAn?$AA?5?$AAM?$AAa?$AAn?$AAa?$AAg?$AAe?$AAr?$AA?2?$AAT?$AAh?$AAr?$AAo@ 00408728     ntoswrk:CMDAT3.obj
 0001:0000775c       ??_C@_1CO@MOGIBLOG@?$AAI?$AAd?$AAl?$AAe?$AAD?$AAe?$AAf?$AAa?$AAu?$AAl?$AAt?$AAP?$AAr?$AAo?$AAm?$AAo?$AAt?$AAe?$AAT?$AAi@ 0040875c     ntoswrk:CMDAT3.obj
 0001:0000778c       ??_C@_1DE@HBHABCPE@?$AAI?$AAd?$AAl?$AAe?$AAD?$AAe?$AAf?$AAa?$AAu?$AAl?$AAt?$AAP?$AAr?$AAo?$AAm?$AAo?$AAt?$AAe?$AAP?$AAe@ 0040878c     ntoswrk:CMDAT3.obj
 0001:000077c0       ??_C@_1CM@FOPEDKLI@?$AAI?$AAd?$AAl?$AAe?$AAD?$AAe?$AAf?$AAa?$AAu?$AAl?$AAt?$AAD?$AAe?$AAm?$AAo?$AAt?$AAe?$AAT?$AAi?$AAm@ 004087c0     ntoswrk:CMDAT3.obj
 0001:000077ec       ??_C@_1DC@LBNAJLCL@?$AAI?$AAd?$AAl?$AAe?$AAD?$AAe?$AAf?$AAa?$AAu?$AAl?$AAt?$AAD?$AAe?$AAm?$AAo?$AAt?$AAe?$AAP?$AAe?$AAr@ 004087ec     ntoswrk:CMDAT3.obj
 0001:00007820       ??_C@_1BO@NJOIKJEN@?$AAI?$AAd?$AAl?$AAe?$AAT?$AAo?$AA0?$AAP?$AAe?$AAr?$AAc?$AAe?$AAn?$AAt?$AA?$AA@ 00408820     ntoswrk:CMDAT3.obj
 0001:00007840       ??_C@_1BM@NGMHOHOF@?$AAI?$AAd?$AAl?$AAe?$AAT?$AAi?$AAm?$AAe?$AAC?$AAh?$AAe?$AAc?$AAk?$AA?$AA@ 00408840     ntoswrk:CMDAT3.obj
 0001:0000785c       ??_C@_1BO@FICHANLL@?$AAI?$AAd?$AAl?$AAe?$AA0?$AAT?$AAi?$AAm?$AAe?$AAC?$AAh?$AAe?$AAc?$AAk?$AA?$AA@ 0040885c     ntoswrk:CMDAT3.obj
 0001:0000787c       ??_C@_1CK@NHPCKBME@?$AAI?$AAd?$AAl?$AAe?$AAF?$AAr?$AAo?$AAm?$AA0?$AAI?$AAd?$AAl?$AAe?$AAP?$AAe?$AAr?$AAc?$AAe?$AAn?$AAt@ 0040887c     ntoswrk:CMDAT3.obj
 0001:000078a8       ??_C@_1BO@NLAKDPNO@?$AAI?$AAd?$AAl?$AAe?$AAF?$AAr?$AAo?$AAm?$AA0?$AAD?$AAe?$AAl?$AAa?$AAy?$AA?$AA@ 004088a8     ntoswrk:CMDAT3.obj
 0001:000078c8       ??_C@_1DC@PHHOMKNE@?$AAI?$AAd?$AAl?$AAe?$AAT?$AAh?$AAr?$AAo?$AAt?$AAt?$AAl?$AAe?$AAC?$AAh?$AAe?$AAc?$AAk?$AAT?$AAi?$AAm@ 004088c8     ntoswrk:CMDAT3.obj
 0001:000078fc       ??_C@_1CM@HJFPLHFG@?$AAI?$AAd?$AAl?$AAe?$AAT?$AAh?$AAr?$AAo?$AAt?$AAt?$AAl?$AAe?$AAC?$AAh?$AAe?$AAc?$AAk?$AAR?$AAa?$AAt@ 004088fc     ntoswrk:CMDAT3.obj
 0001:00007928       ??_C@_1CO@MANDAKLC@?$AAI?$AAd?$AAl?$AAe?$AAD?$AAe?$AAf?$AAa?$AAu?$AAl?$AAt?$AAM?$AAi?$AAn?$AAT?$AAh?$AAr?$AAo?$AAt?$AAt@ 00408928     ntoswrk:CMDAT3.obj
 0001:00007958       ??_C@_1CM@JGIJKPEK@?$AAS?$AAe?$AAs?$AAs?$AAi?$AAo?$AAn?$AA?5?$AAM?$AAa?$AAn?$AAa?$AAg?$AAe?$AAr?$AA?2?$AAP?$AAo?$AAw?$AAe@ 00408958     ntoswrk:CMDAT3.obj
 0001:00007984       ??_C@_1CA@FOJGKJED@?$AAT?$AAi?$AAm?$AAe?$AAr?$AAC?$AAh?$AAe?$AAc?$AAk?$AAF?$AAl?$AAa?$AAg?$AAs?$AA?$AA@ 00408984     ntoswrk:CMDAT3.obj
 0001:000079a4       ??_C@_1DC@CGMFLPCJ@?$AAT?$AAi?$AAm?$AAe?$AAL?$AAi?$AAm?$AAi?$AAt?$AAI?$AAs?$AAr?$AAM?$AAi?$AAc?$AAr?$AAo?$AAs?$AAe?$AAc@ 004089a4     ntoswrk:CMDAT3.obj
 0001:000079d8       ??_C@_1DC@BLMKJNCI@?$AAT?$AAi?$AAm?$AAe?$AAL?$AAi?$AAm?$AAi?$AAt?$AAD?$AAp?$AAc?$AAM?$AAi?$AAc?$AAr?$AAo?$AAs?$AAe?$AAc@ 004089d8     ntoswrk:CMDAT3.obj
 0001:00007a0c       ??_C@_1CM@OOPLPMFL@?$AAO?$AAb?$AAU?$AAn?$AAs?$AAe?$AAc?$AAu?$AAr?$AAe?$AAG?$AAl?$AAo?$AAb?$AAa?$AAl?$AAN?$AAa?$AAm?$AAe@ 00408a0c     ntoswrk:CMDAT3.obj
 0001:00007a38       ??_C@_1CK@HJJNPICP@?$AAP?$AAo?$AAC?$AAl?$AAe?$AAa?$AAn?$AAS?$AAh?$AAu?$AAt?$AAd?$AAo?$AAw?$AAn?$AAF?$AAl?$AAa?$AAg?$AAs@ 00408a38     ntoswrk:CMDAT3.obj
 0001:00007a64       ??_C@_1CI@EEJPJOAB@?$AAO?$AAb?$AAT?$AAr?$AAa?$AAc?$AAe?$AAN?$AAo?$AAD?$AAe?$AAr?$AAe?$AAg?$AAi?$AAs?$AAt?$AAe?$AAr?$AA?$AA@ 00408a64     ntoswrk:CMDAT3.obj
 0001:00007a8c       ??_C@_1CA@PPHAONLB@?$AAO?$AAb?$AAT?$AAr?$AAa?$AAc?$AAe?$AAP?$AAo?$AAo?$AAl?$AAT?$AAa?$AAg?$AAs?$AA?$AA@ 00408a8c     ntoswrk:CMDAT3.obj
 0001:00007aac       ??_C@_1CE@MKEAJFPJ@?$AAX?$AAM?$AAM?$AAI?$AAZ?$AAe?$AAr?$AAo?$AAi?$AAn?$AAg?$AAE?$AAn?$AAa?$AAb?$AAl?$AAe?$AA?$AA@ 00408aac     ntoswrk:CMDAT3.obj
 0001:00007ad0       ??_C@_1CM@CMJCCIHC@?$AAF?$AAa?$AAs?$AAt?$AAS?$AAy?$AAs?$AAt?$AAe?$AAm?$AAC?$AAa?$AAl?$AAl?$AAD?$AAi?$AAs?$AAa?$AAb?$AAl@ 00408ad0     ntoswrk:CMDAT3.obj
 0001:00007afc       ??_C@_1BK@FNPPACOG@?$AAI?$AAd?$AAe?$AAa?$AAl?$AAD?$AAp?$AAc?$AAR?$AAa?$AAt?$AAe?$AA?$AA@ 00408afc     ntoswrk:CMDAT3.obj
 0001:00007b18       ??_C@_1CG@CLKJBFLP@?$AAA?$AAd?$AAj?$AAu?$AAs?$AAt?$AAD?$AAp?$AAc?$AAT?$AAh?$AAr?$AAe?$AAs?$AAh?$AAo?$AAl?$AAd?$AA?$AA@ 00408b18     ntoswrk:CMDAT3.obj
 0001:00007b40       ??_C@_1BO@NNJLCINI@?$AAM?$AAi?$AAn?$AAi?$AAm?$AAu?$AAm?$AAD?$AAp?$AAc?$AAR?$AAa?$AAt?$AAe?$AA?$AA@ 00408b40     ntoswrk:CMDAT3.obj
 0001:00007b60       ??_C@_1BM@INBNPIKC@?$AAD?$AAp?$AAc?$AAQ?$AAu?$AAe?$AAu?$AAe?$AAD?$AAe?$AAp?$AAt?$AAh?$AA?$AA@ 00408b60     ntoswrk:CMDAT3.obj
 0001:00007b7c       ??_C@_1CA@MFKJFOCE@?$AAT?$AAh?$AAr?$AAe?$AAa?$AAd?$AAD?$AAp?$AAc?$AAE?$AAn?$AAa?$AAb?$AAl?$AAe?$AA?$AA@ 00408b7c     ntoswrk:CMDAT3.obj
 0001:00007b9c       ??_C@_1CA@NGFDFFBA@?$AAS?$AAp?$AAi?$AAn?$AAl?$AAo?$AAc?$AAk?$AAT?$AAi?$AAm?$AAe?$AAo?$AAu?$AAt?$AA?$AA@ 00408b9c     ntoswrk:CMDAT3.obj
 0001:00007bbc       ??_C@_1BG@ENKFBHBP@?$AAD?$AAP?$AAC?$AAT?$AAi?$AAm?$AAe?$AAo?$AAu?$AAt?$AA?$AA@ 00408bbc     ntoswrk:CMDAT3.obj
 0001:00007bd4       ??_C@_1CO@FLCCMNBF@?$AAS?$AAe?$AAs?$AAs?$AAi?$AAo?$AAn?$AA?5?$AAM?$AAa?$AAn?$AAa?$AAg?$AAe?$AAr?$AA?2?$AAK?$AAe?$AAr?$AAn@ 00408bd4     ntoswrk:CMDAT3.obj
 0001:00007c04       ??_C@_1CM@KBLGGFAD@?$AAP?$AAr?$AAi?$AAo?$AAr?$AAi?$AAt?$AAy?$AAQ?$AAu?$AAa?$AAn?$AAt?$AAu?$AAm?$AAM?$AAa?$AAt?$AAr?$AAi@ 00408c04     ntoswrk:CMDAT3.obj
 0001:00007c30       ??_C@_1DO@PPCLEAKI@?$AAA?$AAd?$AAd?$AAi?$AAt?$AAi?$AAo?$AAn?$AAa?$AAl?$AAD?$AAe?$AAl?$AAa?$AAy?$AAe?$AAd?$AAW?$AAo?$AAr@ 00408c30     ntoswrk:CMDAT3.obj
 0001:00007c70       ??_C@_1EA@FEILHEOL@?$AAA?$AAd?$AAd?$AAi?$AAt?$AAi?$AAo?$AAn?$AAa?$AAl?$AAC?$AAr?$AAi?$AAt?$AAi?$AAc?$AAa?$AAl?$AAW?$AAo@ 00408c70     ntoswrk:CMDAT3.obj
 0001:00007cb0       ??_C@_1DE@GGNOAJBP@?$AAS?$AAe?$AAs?$AAs?$AAi?$AAo?$AAn?$AA?5?$AAM?$AAa?$AAn?$AAa?$AAg?$AAe?$AAr?$AA?2?$AAE?$AAx?$AAe?$AAc@ 00408cb0     ntoswrk:CMDAT3.obj
 0001:00007ce4       ??_C@_1DE@GMADOGDK@?$AAM?$AAi?$AAn?$AAi?$AAm?$AAu?$AAm?$AAS?$AAt?$AAa?$AAc?$AAk?$AAC?$AAo?$AAm?$AAm?$AAi?$AAt?$AAI?$AAn@ 00408ce4     ntoswrk:CMDAT3.obj
 0001:00007d18       ??_C@_1DC@GCHOLFMB@?$AAD?$AAe?$AAa?$AAd?$AAl?$AAo?$AAc?$AAk?$AAS?$AAe?$AAa?$AAr?$AAc?$AAh?$AAN?$AAo?$AAd?$AAe?$AAs?$AAL@ 00408d18     ntoswrk:CMDAT3.obj
 0001:00007d4c       ??_C@_1DI@JHEJPBNI@?$AAD?$AAe?$AAa?$AAd?$AAl?$AAo?$AAc?$AAk?$AAR?$AAe?$AAc?$AAu?$AAr?$AAs?$AAi?$AAo?$AAn?$AAD?$AAe?$AAp@ 00408d4c     ntoswrk:CMDAT3.obj
 0001:00007d84       ??_C@_1BM@BDGNAFP@?$AAM?$AAa?$AAk?$AAe?$AAL?$AAo?$AAw?$AAM?$AAe?$AAm?$AAo?$AAr?$AAy?$AA?$AA@ 00408d84     ntoswrk:CMDAT3.obj
 0001:00007da0       ??_C@_1CO@BEMNDCMB@?$AAE?$AAn?$AAf?$AAo?$AAr?$AAc?$AAe?$AAW?$AAr?$AAi?$AAt?$AAe?$AAP?$AAr?$AAo?$AAt?$AAe?$AAc?$AAt?$AAi@ 00408da0     ntoswrk:CMDAT3.obj
 0001:00007dd0       ??_C@_1CC@CCBGCEEO@?$AAL?$AAa?$AAr?$AAg?$AAe?$AAP?$AAa?$AAg?$AAe?$AAM?$AAi?$AAn?$AAi?$AAm?$AAu?$AAm?$AA?$AA@ 00408dd0     ntoswrk:CMDAT3.obj
 0001:00007df4       ??_C@_1BG@FKHICKAJ@?$AAV?$AAe?$AAr?$AAi?$AAf?$AAy?$AAM?$AAo?$AAd?$AAe?$AA?$AA@ 00408df4     ntoswrk:CMDAT3.obj
 0001:00007e0c       ??_C@_1CE@OMAJLJIP@?$AAV?$AAe?$AAr?$AAi?$AAf?$AAy?$AAD?$AAr?$AAi?$AAv?$AAe?$AAr?$AAL?$AAe?$AAv?$AAe?$AAl?$AA?$AA@ 00408e0c     ntoswrk:CMDAT3.obj
 0001:00007e30       ??_C@_1BM@JKLADBPD@?$AAV?$AAe?$AAr?$AAi?$AAf?$AAy?$AAD?$AAr?$AAi?$AAv?$AAe?$AAr?$AAs?$AA?$AA@ 00408e30     ntoswrk:CMDAT3.obj
 0001:00007e4c       ??_C@_1BE@CJKNINII@?$AAT?$AAr?$AAa?$AAc?$AAk?$AAP?$AAt?$AAe?$AAs?$AA?$AA@ 00408e4c     ntoswrk:CMDAT3.obj
 0001:00007e60       ??_C@_1CC@DDDDJONN@?$AAT?$AAr?$AAa?$AAc?$AAk?$AAL?$AAo?$AAc?$AAk?$AAe?$AAd?$AAP?$AAa?$AAg?$AAe?$AAs?$AA?$AA@ 00408e60     ntoswrk:CMDAT3.obj
 0001:00007e84       ??_C@_1CI@LPIFAHFA@?$AAP?$AAr?$AAo?$AAt?$AAe?$AAc?$AAt?$AAN?$AAo?$AAn?$AAP?$AAa?$AAg?$AAe?$AAd?$AAP?$AAo?$AAo?$AAl?$AA?$AA@ 00408e84     ntoswrk:CMDAT3.obj
 0001:00007eac       ??_C@_1BI@FJKDNIFM@?$AAS?$AAn?$AAa?$AAp?$AAU?$AAn?$AAl?$AAo?$AAa?$AAd?$AAs?$AA?$AA@ 00408eac     ntoswrk:CMDAT3.obj
 0001:00007ec4       ??_C@_1CA@GKCKBGIO@?$AAP?$AAo?$AAo?$AAl?$AAT?$AAa?$AAg?$AAO?$AAv?$AAe?$AAr?$AAr?$AAu?$AAn?$AAs?$AA?$AA@ 00408ec4     ntoswrk:CMDAT3.obj
 0001:00007ee4       ??_C@_1BA@CEHMLOOP@?$AAP?$AAo?$AAo?$AAl?$AAT?$AAa?$AAg?$AA?$AA@ 00408ee4     ntoswrk:CMDAT3.obj
 0001:00007ef4       ??_C@_1CI@GFCNHOJC@?$AAP?$AAo?$AAo?$AAl?$AAT?$AAa?$AAg?$AAB?$AAi?$AAg?$AAT?$AAa?$AAb?$AAl?$AAe?$AAS?$AAi?$AAz?$AAe?$AA?$AA@ 00408ef4     ntoswrk:CMDAT3.obj
 0001:00007f1c       ??_C@_1CM@EKIOMBNO@?$AAP?$AAo?$AAo?$AAl?$AAT?$AAa?$AAg?$AAS?$AAm?$AAa?$AAl?$AAl?$AAT?$AAa?$AAb?$AAl?$AAe?$AAS?$AAi?$AAz@ 00408f1c     ntoswrk:CMDAT3.obj
 0001:00007f48       ??_C@_1DA@JJABBNCH@?$AAC?$AAl?$AAe?$AAa?$AAr?$AAP?$AAa?$AAg?$AAe?$AAF?$AAi?$AAl?$AAe?$AAA?$AAt?$AAS?$AAh?$AAu?$AAt?$AAd@ 00408f48     ntoswrk:CMDAT3.obj
 0001:00007f78       ??_C@_1CK@LBICFBMM@?$AAS?$AAe?$AAc?$AAo?$AAn?$AAd?$AAL?$AAe?$AAv?$AAe?$AAl?$AAD?$AAa?$AAt?$AAa?$AAC?$AAa?$AAc?$AAh?$AAe@ 00408f78     ntoswrk:CMDAT3.obj
 0001:00007fa4       ??_C@_1CC@HOHLGPCL@?$AAM?$AAo?$AAd?$AAi?$AAf?$AAi?$AAe?$AAd?$AAP?$AAa?$AAg?$AAe?$AAL?$AAi?$AAf?$AAe?$AA?$AA@ 00408fa4     ntoswrk:CMDAT3.obj
 0001:00007fc8       ??_C@_1CO@FMBGNOIE@?$AAD?$AAi?$AAs?$AAa?$AAb?$AAl?$AAe?$AAP?$AAa?$AAg?$AAi?$AAn?$AAg?$AAE?$AAx?$AAe?$AAc?$AAu?$AAt?$AAi@ 00408fc8     ntoswrk:CMDAT3.obj
 0001:00007ff8       ??_C@_1CI@IKEANOOE@?$AAH?$AAi?$AAg?$AAh?$AAM?$AAe?$AAm?$AAo?$AAr?$AAy?$AAT?$AAh?$AAr?$AAe?$AAs?$AAh?$AAo?$AAl?$AAd?$AA?$AA@ 00408ff8     ntoswrk:CMDAT3.obj
 0001:00008020       ??_C@_1CG@NHIOIKKP@?$AAL?$AAo?$AAw?$AAM?$AAe?$AAm?$AAo?$AAr?$AAy?$AAT?$AAh?$AAr?$AAe?$AAs?$AAh?$AAo?$AAl?$AAd?$AA?$AA@ 00409020     ntoswrk:CMDAT3.obj
 0001:00008048       ??_C@_1CC@KPMBFFK@?$AAL?$AAa?$AAr?$AAg?$AAe?$AAP?$AAa?$AAg?$AAe?$AAD?$AAr?$AAi?$AAv?$AAe?$AAr?$AAs?$AA?$AA@ 00409048     ntoswrk:CMDAT3.obj
 0001:0000806c       ??_C@_1BI@DLINFHNO@?$AAS?$AAy?$AAs?$AAt?$AAe?$AAm?$AAP?$AAa?$AAg?$AAe?$AAs?$AA?$AA@ 0040906c     ntoswrk:CMDAT3.obj
 0001:00008084       ??_C@_1BO@NNCDNKDO@?$AAL?$AAa?$AAr?$AAg?$AAe?$AAS?$AAt?$AAa?$AAc?$AAk?$AAS?$AAi?$AAz?$AAe?$AA?$AA@ 00409084     ntoswrk:CMDAT3.obj
 0001:000080a4       ??_C@_1CC@ICNJJBPB@?$AAL?$AAa?$AAr?$AAg?$AAe?$AAS?$AAy?$AAs?$AAt?$AAe?$AAm?$AAC?$AAa?$AAc?$AAh?$AAe?$AA?$AA@ 004090a4     ntoswrk:CMDAT3.obj
 0001:000080c8       ??_C@_1DG@HHNHDENM@?$AAN?$AAo?$AAn?$AAP?$AAa?$AAg?$AAe?$AAd?$AAP?$AAo?$AAo?$AAl?$AAM?$AAa?$AAx?$AAi?$AAm?$AAu?$AAm?$AAP@ 004090c8     ntoswrk:CMDAT3.obj
 0001:00008100       ??_C@_1CC@OEIAPMKE@?$AAN?$AAo?$AAn?$AAP?$AAa?$AAg?$AAe?$AAd?$AAP?$AAo?$AAo?$AAl?$AAS?$AAi?$AAz?$AAe?$AA?$AA@ 00409100     ntoswrk:CMDAT3.obj
 0001:00008124       ??_C@_1BM@MLEMHCGF@?$AAP?$AAa?$AAg?$AAe?$AAd?$AAP?$AAo?$AAo?$AAl?$AAS?$AAi?$AAz?$AAe?$AA?$AA@ 00409124     ntoswrk:CMDAT3.obj
 0001:00008140       ??_C@_1CM@KCNKCMNL@?$AAM?$AAa?$AAp?$AAA?$AAl?$AAl?$AAo?$AAc?$AAa?$AAt?$AAi?$AAo?$AAn?$AAF?$AAr?$AAa?$AAg?$AAm?$AAe?$AAn@ 00409140     ntoswrk:CMDAT3.obj
 0001:0000816c       ??_C@_1CC@BJKKJNPK@?$AAP?$AAo?$AAo?$AAl?$AAU?$AAs?$AAa?$AAg?$AAe?$AAM?$AAa?$AAx?$AAi?$AAm?$AAu?$AAm?$AA?$AA@ 0040916c     ntoswrk:CMDAT3.obj
 0001:00008190       ??_C@_1CA@OOKAPJHG@?$AAS?$AAe?$AAs?$AAs?$AAi?$AAo?$AAn?$AAP?$AAo?$AAo?$AAl?$AAS?$AAi?$AAz?$AAe?$AA?$AA@ 00409190     ntoswrk:CMDAT3.obj
 0001:000081b0       ??_C@_1CC@EHJJJKNO@?$AAS?$AAe?$AAs?$AAs?$AAi?$AAo?$AAn?$AAI?$AAm?$AAa?$AAg?$AAe?$AAS?$AAi?$AAz?$AAe?$AA?$AA@ 004091b0     ntoswrk:CMDAT3.obj
 0001:000081d4       ??_C@_1CA@BMPALPHO@?$AAS?$AAe?$AAs?$AAs?$AAi?$AAo?$AAn?$AAV?$AAi?$AAe?$AAw?$AAS?$AAi?$AAz?$AAe?$AA?$AA@ 004091d4     ntoswrk:CMDAT3.obj
 0001:000081f4       ??_C@_1BO@MPJAAPMB@?$AAS?$AAy?$AAs?$AAt?$AAe?$AAm?$AAV?$AAi?$AAe?$AAw?$AAS?$AAi?$AAz?$AAe?$AA?$AA@ 004091f4     ntoswrk:CMDAT3.obj
 0001:00008214       ??_C@_1BM@FCEHOMH@?$AAD?$AAy?$AAn?$AAa?$AAm?$AAi?$AAc?$AAM?$AAe?$AAm?$AAo?$AAr?$AAy?$AA?$AA@ 00409214     ntoswrk:CMDAT3.obj
 0001:00008230       ??_C@_1CK@IPKNCGG@?$AAA?$AAl?$AAl?$AAo?$AAc?$AAa?$AAt?$AAi?$AAo?$AAn?$AAP?$AAr?$AAe?$AAf?$AAe?$AAr?$AAe?$AAn?$AAc?$AAe@ 00409230     ntoswrk:CMDAT3.obj
 0001:0000825c       ??_C@_1CA@OFCCNLFJ@?$AAP?$AAa?$AAg?$AAi?$AAn?$AAg?$AAF?$AAi?$AAl?$AAe?$AAQ?$AAu?$AAo?$AAt?$AAa?$AA?$AA@ 0040925c     ntoswrk:CMDAT3.obj
 0001:0000827c       ??_C@_1CE@NAICKCLE@?$AAN?$AAo?$AAn?$AAP?$AAa?$AAg?$AAe?$AAd?$AAP?$AAo?$AAo?$AAl?$AAQ?$AAu?$AAo?$AAt?$AAa?$AA?$AA@ 0040927c     ntoswrk:CMDAT3.obj
 0001:000082a0       ??_C@_1BO@IGDMFFA@?$AAP?$AAa?$AAg?$AAe?$AAd?$AAP?$AAo?$AAo?$AAl?$AAQ?$AAu?$AAo?$AAt?$AAa?$AA?$AA@ 004092a0     ntoswrk:CMDAT3.obj
[...]
 0007:000eb544       $$$00023                   00595544 f   ke:instemul.obj
 0007:000eb956       CheckVdmFlags              00595956 f   ke:instemul.obj
 0007:000eba0e       GetVirtualBits_Handler     00595a0e f   ke:instemul.obj
 0007:000eba16       SetVirtualBits             00595a16 f   ke:instemul.obj
 0007:000eba78       SetVirtualBits_Handler     00595a78 f   ke:instemul.obj
 0007:000eba7e       $$$00049                   00595a7e f   ke:instemul.obj
 0007:000ebc84       $$$00051                   00595c84 f   ke:instemul.obj
 0007:000ebe21       VdmSegNotPres_ExceptionHandler 00595e21 f   ke:instemul.obj
 0007:000ebe2a       $$$00054                   00595e2a f   ke:instemul.obj
 0007:000ebfa9       PushIntExceptionHandler    00595fa9 f   ke:instemul.obj
 0007:000ec166       SwitchToHandlerStack_fault 00596166 f   ke:instemul.obj
 0007:000ec1df       GetHandlerAddress_fault    005961df f   ke:instemul.obj
 0007:000ec513       perr1_fault                00596513 f   ke:instemul.obj
 0007:000ec524       perr_fault                 00596524 f   ke:instemul.obj
 0007:000ec53c       $$$00001                   0059653c f   ke:emv86.obj
 0007:000ec547       $$$00003                   00596547 f   ke:emv86.obj
 0007:000ec552       $$$00005                   00596552 f   ke:emv86.obj
 0007:000ec55d       $$$00007                   0059655d f   ke:emv86.obj
 0007:000ec568       $$$00009                   00596568 f   ke:emv86.obj
 0007:000ec570       $$$00011                   00596570 f   ke:emv86.obj
 0007:000ec578       $$$00013                   00596578 f   ke:emv86.obj
 0007:000ec580       $$$00015                   00596580 f   ke:emv86.obj
 0007:000ec588       $$$00017                   00596588 f   ke:emv86.obj
 0007:000ec590       $$$00019                   00596590 f   ke:emv86.obj
 0007:000ec598       $$$00021                   00596598 f   ke:emv86.obj
 0007:000ec5a0       $$$00023                   005965a0 f   ke:emv86.obj
 0007:000ec90b       oinnvuserrefs              0059690b f   ke:emv86.obj
 0007:000ec977       oinnvuserrefs_fault        00596977 f   ke:emv86.obj
 0007:000ecce6       diafault                   00596ce6 f   ke:emv86.obj
 0007:000ecd08       $$$00001                   00596d08 f   lpc:lpcmove.obj
 0008:0000cf00       _z_hash_map_init@0         005a4f00 f   ntoswrk:XENCODE.obj
 0008:0000cfb0       _z_hash_insert@4           005a4fb0 f   ntoswrk:XENCODE.obj
 0008:0000d040       _tag_write_finish@4        005a5040 f   ntoswrk:XENCODE.obj
 0008:0000d080       _encode0_pass1@4           005a5080 f   ntoswrk:XENCODE.obj
 0008:0000d280       _encode1_pass1@4           005a5280 f   ntoswrk:XENCODE.obj
 0008:0000d4d0       _encode2_pass1@4           005a54d0 f   ntoswrk:XENCODE.obj
 0008:0000d800       _encodeN_pass1@4           005a5800 f   ntoswrk:XENCODE.obj
 0008:0000db80       _encode_pass1_progress@20  005a5b80 f   ntoswrk:XENCODE.obj
 0014:00005158       _NameToOrdinal@20          005ed158 f   init:initos.obj
 0014:000086ac       $$$00001                   005f06ac f   ke:newsysbg.obj
 0014:000089b6       $$$00003                   005f09b6 f   ke:newsysbg.obj
 0014:000089d4       $$$00001                   005f09d4 f   ke:trap.obj
 0014:00008b54       $$$00002                   005f0b54 f   ke:trap.obj
 0014:00008b5c       $$$00004                   005f0b5c f   ke:trap.obj
 0014:00008b64       $$$00006                   005f0b64 f   ke:trap.obj
 0014:00008b6c       $$$00008                   005f0b6c f   ke:trap.obj
 0014:00008b74       $$$00010                   005f0b74 f   ke:trap.obj
 0014:00008b7c       $$$00012                   005f0b7c f   ke:trap.obj
 0014:00008b84       $$$00014                   005f0b84 f   ke:trap.obj
 0014:00008b8c       $$$00016                   005f0b8c f   ke:trap.obj
 0014:00008b94       $$$00018                   005f0b94 f   ke:trap.obj
 0014:00008b9c       $$$00020                   005f0b9c f   ke:trap.obj
 0014:00008ba4       $$$00022                   005f0ba4 f   ke:trap.obj
 0014:00008bac       $$$00024                   005f0bac f   ke:trap.obj
 0014:00008bb4       $$$00026                   005f0bb4 f   ke:trap.obj
 0014:00008bbc       $$$00028                   005f0bbc f   ke:trap.obj
 0014:00008bc4       $$$00030                   005f0bc4 f   ke:trap.obj
 0014:00008bcc       $$$00032                   005f0bcc f   ke:trap.obj
 0014:00008bd4       $$$00034                   005f0bd4 f   ke:trap.obj
 0014:00008bdc       $$$00036                   005f0bdc f   ke:trap.obj
 0014:00008be4       $$$00038                   005f0be4 f   ke:trap.obj
 0014:00008bec       $$$00040                   005f0bec f   ke:trap.obj
 0014:00008bf4       $$$00042                   005f0bf4 f   ke:trap.obj
 0014:00008bfc       $$$00044                   005f0bfc f   ke:trap.obj
 0014:00008c04       $$$00046                   005f0c04 f   ke:trap.obj
 0014:00008c0c       $$$00048                   005f0c0c f   ke:trap.obj
 0014:00008c14       $$$00050                   005f0c14 f   ke:trap.obj
 0014:00008c1c       $$$00052                   005f0c1c f   ke:trap.obj
 0014:00008c24       $$$00054                   005f0c24 f   ke:trap.obj
 0014:00008c2c       $$$00056                   005f0c2c f   ke:trap.obj
 0014:00008c34       $$$00058                   005f0c34 f   ke:trap.obj
 0014:00008c3c       $$$00060                   005f0c3c f   ke:trap.obj
 0014:00008c44       $$$00062                   005f0c44 f   ke:trap.obj
 0014:00008c4c       $$$00064                   005f0c4c f   ke:trap.obj
 0014:00008c54       $$$00066                   005f0c54 f   ke:trap.obj
 0014:00008c5c       $$$00068                   005f0c5c f   ke:trap.obj
 0014:00008c64       $$$00070                   005f0c64 f   ke:trap.obj
 0014:00008c6c       $$$00072                   005f0c6c f   ke:trap.obj
 0014:00008c74       $$$00074                   005f0c74 f   ke:trap.obj
 0014:00008c7c       $$$00076                   005f0c7c f   ke:trap.obj
 0014:00008c84       $$$00078                   005f0c84 f   ke:trap.obj
 0014:00008c8c       $$$00080                   005f0c8c f   ke:trap.obj
 0014:00008c94       $$$00082                   005f0c94 f   ke:trap.obj
 0014:00008c9c       $$$00084                   005f0c9c f   ke:trap.obj
 0014:00008ca4       $$$00086                   005f0ca4 f   ke:trap.obj
 0014:00008cac       $$$00088                   005f0cac f   ke:trap.obj
 0014:00008cb4       $$$00090                   005f0cb4 f   ke:trap.obj
 0014:00008cbc       $$$00092                   005f0cbc f   ke:trap.obj
 0014:00008cc4       $$$00094                   005f0cc4 f   ke:trap.obj
 0014:00008ccc       $$$00096                   005f0ccc f   ke:trap.obj
 0014:00008cd4       $$$00098                   005f0cd4 f   ke:trap.obj
 0014:00008cdc       $$$00100                   005f0cdc f   ke:trap.obj
 0014:00008ce4       $$$00102                   005f0ce4 f   ke:trap.obj
 0014:00008cec       $$$00104                   005f0cec f   ke:trap.obj
 0014:00008cf4       $$$00106                   005f0cf4 f   ke:trap.obj
 0014:00008cfc       $$$00108                   005f0cfc f   ke:trap.obj
 0014:00008d04       $$$00110                   005f0d04 f   ke:trap.obj
 0014:00008d0c       $$$00112                   005f0d0c f   ke:trap.obj
 0014:00008d14       $$$00114                   005f0d14 f   ke:trap.obj
 0014:00008d1c       $$$00116                   005f0d1c f   ke:trap.obj
 0014:00008d24       $$$00118                   005f0d24 f   ke:trap.obj
 0014:00008d2c       $$$00120                   005f0d2c f   ke:trap.obj
 0014:00008d34       $$$00122                   005f0d34 f   ke:trap.obj
 0014:00008d3c       $$$00124                   005f0d3c f   ke:trap.obj
 0014:00008d44       $$$00126                   005f0d44 f   ke:trap.obj
 0014:00008d4c       $$$00128                   005f0d4c f   ke:trap.obj
 0014:00008d54       $$$00130                   005f0d54 f   ke:trap.obj
 0014:00008d5c       $$$00132                   005f0d5c f   ke:trap.obj
 0014:00008d64       $$$00134                   005f0d64 f   ke:trap.obj
 0014:00008d6c       $$$00136                   005f0d6c f   ke:trap.obj
 0014:00008d74       $$$00138                   005f0d74 f   ke:trap.obj
 0014:00008d7c       $$$00140                   005f0d7c f   ke:trap.obj
 0014:00008d84       $$$00142                   005f0d84 f   ke:trap.obj
 0014:00008d8c       $$$00144                   005f0d8c f   ke:trap.obj
 0014:00008d94       $$$00146                   005f0d94 f   ke:trap.obj
 0014:00008d9c       $$$00148                   005f0d9c f   ke:trap.obj
 0014:00008da4       $$$00150                   005f0da4 f   ke:trap.obj
 0014:00008dac       $$$00152                   005f0dac f   ke:trap.obj
 0014:00008db4       $$$00154                   005f0db4 f   ke:trap.obj
 0014:00008dbc       $$$00156                   005f0dbc f   ke:trap.obj
 0014:00008dc4       $$$00158                   005f0dc4 f   ke:trap.obj
 0014:00008dcc       $$$00160                   005f0dcc f   ke:trap.obj
 0014:00008dd4       $$$00162                   005f0dd4 f   ke:trap.obj
 0014:00008ddc       $$$00164                   005f0ddc f   ke:trap.obj
 0014:00008de4       $$$00166                   005f0de4 f   ke:trap.obj
 0014:00008dec       $$$00168                   005f0dec f   ke:trap.obj
 0014:00008df4       $$$00170                   005f0df4 f   ke:trap.obj
 0014:00008dfc       $$$00172                   005f0dfc f   ke:trap.obj
 0014:00008e04       $$$00174                   005f0e04 f   ke:trap.obj
 0014:00008e0c       $$$00176                   005f0e0c f   ke:trap.obj
 0014:00008e14       $$$00178                   005f0e14 f   ke:trap.obj
 0014:00008e1c       $$$00180                   005f0e1c f   ke:trap.obj
 0014:00008e24       $$$00182                   005f0e24 f   ke:trap.obj
 0014:00008e2c       $$$00184                   005f0e2c f   ke:trap.obj
 0014:00008e34       $$$00186                   005f0e34 f   ke:trap.obj
 0014:00008e3c       $$$00188                   005f0e3c f   ke:trap.obj
 0014:00008e44       $$$00190                   005f0e44 f   ke:trap.obj
 0014:00008e4c       $$$00192                   005f0e4c f   ke:trap.obj
 0014:00008e54       $$$00194                   005f0e54 f   ke:trap.obj
 0014:00008e5c       $$$00196                   005f0e5c f   ke:trap.obj
 0014:00008e64       $$$00198                   005f0e64 f   ke:trap.obj
 0014:00008e6c       $$$00200                   005f0e6c f   ke:trap.obj
 0014:00008e74       $$$00202                   005f0e74 f   ke:trap.obj
 0014:00008e7c       $$$00204                   005f0e7c f   ke:trap.obj
 0014:00008e84       $$$00206                   005f0e84 f   ke:trap.obj
 0014:00008e8c       $$$00208                   005f0e8c f   ke:trap.obj
 0014:00008e94       $$$00210                   005f0e94 f   ke:trap.obj
 0014:00008e9c       $$$00212                   005f0e9c f   ke:trap.obj
 0014:00008ea4       $$$00214                   005f0ea4 f   ke:trap.obj
 0014:00008eac       $$$00216                   005f0eac f   ke:trap.obj
 0014:00008eb4       $$$00218                   005f0eb4 f   ke:trap.obj
 0014:00008ebc       $$$00220                   005f0ebc f   ke:trap.obj
 0014:00008ec4       $$$00222                   005f0ec4 f   ke:trap.obj
 0014:00008ecc       $$$00224                   005f0ecc f   ke:trap.obj
 0014:00008ed4       $$$00226                   005f0ed4 f   ke:trap.obj
 0014:00008edc       $$$00228                   005f0edc f   ke:trap.obj
 0014:00008ee4       $$$00230                   005f0ee4 f   ke:trap.obj
 0014:00008eec       $$$00232                   005f0eec f   ke:trap.obj
 0014:00008ef4       $$$00234                   005f0ef4 f   ke:trap.obj
 0014:00008efc       $$$00236                   005f0efc f   ke:trap.obj
 0014:00008f04       $$$00238                   005f0f04 f   ke:trap.obj
 0014:00008f0c       $$$00240                   005f0f0c f   ke:trap.obj
 0014:00008f14       $$$00242                   005f0f14 f   ke:trap.obj
 0014:00008f1c       $$$00244                   005f0f1c f   ke:trap.obj
 0014:00008f24       $$$00246                   005f0f24 f   ke:trap.obj
 0014:00008f2c       $$$00248                   005f0f2c f   ke:trap.obj
 0014:00008f34       $$$00250                   005f0f34 f   ke:trap.obj
 0014:00008f3c       $$$00252                   005f0f3c f   ke:trap.obj
 0014:00008f44       $$$00254                   005f0f44 f   ke:trap.obj
 0014:00008f4c       $$$00256                   005f0f4c f   ke:trap.obj
 0014:00008f54       $$$00258                   005f0f54 f   ke:trap.obj
 0014:00008f5c       $$$00260                   005f0f5c f   ke:trap.obj
 0014:00008f64       $$$00262                   005f0f64 f   ke:trap.obj
 0014:00008f6c       $$$00264                   005f0f6c f   ke:trap.obj
 0014:00008f74       $$$00266                   005f0f74 f   ke:trap.obj
 0014:00008f7c       $$$00268                   005f0f7c f   ke:trap.obj
 0014:00008f84       $$$00270                   005f0f84 f   ke:trap.obj
 0014:00008f8c       $$$00272                   005f0f8c f   ke:trap.obj
 0014:00008f94       $$$00274                   005f0f94 f   ke:trap.obj
 0014:00008f9c       $$$00276                   005f0f9c f   ke:trap.obj
 0014:00008fa4       $$$00278                   005f0fa4 f   ke:trap.obj
 0014:00008fac       $$$00280                   005f0fac f   ke:trap.obj
 0014:00008fb4       $$$00282                   005f0fb4 f   ke:trap.obj
 0014:00008fbc       $$$00284                   005f0fbc f   ke:trap.obj
 0014:00008fc4       $$$00286                   005f0fc4 f   ke:trap.obj
 0014:00008fcc       $$$00288                   005f0fcc f   ke:trap.obj
 0014:00008fd4       $$$00290                   005f0fd4 f   ke:trap.obj
 0014:00008fdc       $$$00292                   005f0fdc f   ke:trap.obj
 0014:00008fe4       $$$00294                   005f0fe4 f   ke:trap.obj
 0014:00008fec       $$$00296                   005f0fec f   ke:trap.obj
 0014:00008ff4       $$$00298                   005f0ff4 f   ke:trap.obj
 0014:00008ffc       $$$00300                   005f0ffc f   ke:trap.obj
 0014:00009004       $$$00302                   005f1004 f   ke:trap.obj
 0014:0000900c       $$$00304                   005f100c f   ke:trap.obj
 0014:00009014       $$$00306                   005f1014 f   ke:trap.obj
 0014:0000901c       $$$00308                   005f101c f   ke:trap.obj
 0014:00009024       $$$00310                   005f1024 f   ke:trap.obj
 0014:0000902c       $$$00312                   005f102c f   ke:trap.obj
 0014:00009034       $$$00314                   005f1034 f   ke:trap.obj
 0014:0000903c       $$$00316                   005f103c f   ke:trap.obj
 0014:00009044       $$$00318                   005f1044 f   ke:trap.obj
 0014:0000904c       $$$00320                   005f104c f   ke:trap.obj
 0014:00009054       $$$00322                   005f1054 f   ke:trap.obj
 0014:0000905c       $$$00324                   005f105c f   ke:trap.obj
 0014:00009064       $$$00326                   005f1064 f   ke:trap.obj
 0014:0000906c       $$$00328                   005f106c f   ke:trap.obj
 0014:00009074       $$$00330                   005f1074 f   ke:trap.obj
 0014:0000907c       $$$00332                   005f107c f   ke:trap.obj
 0014:00009084       $$$00334                   005f1084 f   ke:trap.obj
 0014:0000908c       $$$00336                   005f108c f   ke:trap.obj
 0014:00009094       $$$00338                   005f1094 f   ke:trap.obj
 0014:0000909c       $$$00340                   005f109c f   ke:trap.obj
 0014:000090a4       $$$00342                   005f10a4 f   ke:trap.obj
 0014:000090ac       $$$00344                   005f10ac f   ke:trap.obj
 0014:000090b4       $$$00346                   005f10b4 f   ke:trap.obj
 0014:000090bc       $$$00348                   005f10bc f   ke:trap.obj
 0014:000090c4       $$$00350                   005f10c4 f   ke:trap.obj
 0014:000090cc       $$$00352                   005f10cc f   ke:trap.obj
 0014:000090d4       $$$00354                   005f10d4 f   ke:trap.obj
 0014:000090dc       $$$00356                   005f10dc f   ke:trap.obj
 0014:000090e4       $$$00358                   005f10e4 f   ke:trap.obj
 0014:000090ec       $$$00360                   005f10ec f   ke:trap.obj
 0014:000090f4       $$$00362                   005f10f4 f   ke:trap.obj
 0014:000090fc       $$$00364                   005f10fc f   ke:trap.obj
 0014:00009104       $$$00366                   005f1104 f   ke:trap.obj
 0014:0000910c       $$$00368                   005f110c f   ke:trap.obj
 0014:00009114       $$$00370                   005f1114 f   ke:trap.obj
 0014:0000911c       $$$00372                   005f111c f   ke:trap.obj
 0014:00009124       $$$00374                   005f1124 f   ke:trap.obj
 0014:0000912c       $$$00376                   005f112c f   ke:trap.obj
 0014:00009134       $$$00378                   005f1134 f   ke:trap.obj
 0014:0000913c       $$$00380                   005f113c f   ke:trap.obj
 0014:00009144       $$$00382                   005f1144 f   ke:trap.obj
 0014:0000914c       $$$00384                   005f114c f   ke:trap.obj
 0014:00009154       $$$00386                   005f1154 f   ke:trap.obj
 0014:0000915c       $$$00388                   005f115c f   ke:trap.obj
 0014:00009164       $$$00390                   005f1164 f   ke:trap.obj
 0014:0000916c       $$$00392                   005f116c f   ke:trap.obj
 0014:00009174       $$$00394                   005f1174 f   ke:trap.obj
 0014:0000917c       $$$00396                   005f117c f   ke:trap.obj
 0014:00009184       $$$00398                   005f1184 f   ke:trap.obj
 0014:0000918c       $$$00400                   005f118c f   ke:trap.obj
 0014:00009194       $$$00402                   005f1194 f   ke:trap.obj
 0014:0000919c       $$$00404                   005f119c f   ke:trap.obj
 0014:000091a4       $$$00406                   005f11a4 f   ke:trap.obj
 0014:000091ac       $$$00408                   005f11ac f   ke:trap.obj
 0014:000091b4       $$$00410                   005f11b4 f   ke:trap.obj
 0014:000091bc       $$$00412                   005f11bc f   ke:trap.obj
 0014:000091c4       $$$00414                   005f11c4 f   ke:trap.obj
 0014:000091cc       $$$00416                   005f11cc f   ke:trap.obj
 0014:00009750       $$$00013                   005f1750 f   ke:ctxswap.obj
 0014:000097ae       $$$00015                   005f17ae f   ke:ctxswap.obj
 0014:000097bc       $$$00017                   005f17bc f   ke:ctxswap.obj
 0014:000097ca       $$$00019                   005f17ca f   ke:ctxswap.obj
 0014:00009802       $$$00021                   005f1802 f   ke:ctxswap.obj
 0014:0000ae38       _KiCloneDescriptor@12      005f2e38 f   ke:allproc.obj
 0014:0000b0aa       _KiCloneSelector@16        005f30aa f   ke:allproc.obj
 0014:0000b328       $$$00001                   005f3328 f   ke:cpu.obj
 0014:0000b47a       CpuIdTrap6Handler          005f347a f   ke:cpu.obj
 0014:0000b528       Temporary486Int6           005f3528 f   ke:cpu.obj
 0014:0000b588       Check386B0                 005f3588 f   ke:cpu.obj
 0014:0000b5c3       TemporaryInt6              005f35c3 f   ke:cpu.obj
 0014:0000b5cb       Check386D1                 005f35cb f   ke:cpu.obj
 0014:0000b612       TemporaryInt1              005f3612 f   ke:cpu.obj
 0014:0000b622       MultiplyTest               005f3622 f   ke:cpu.obj
 0014:0000b634       Multiply                   005f3634 f   ke:cpu.obj
 0014:0000b650       $$$00016                   005f3650 f   ke:cpu.obj
 0014:0000b68f       $$$00018                   005f368f f   ke:cpu.obj
 0014:00017496       _ExpSingleStringCheck@4    005ff496 f   ntoswrk:EXSCAN.obj
 0014:000174c0       _ExpStringCheck@100        005ff4c0 f   ntoswrk:EXSCAN.obj
 0014:00017876       _ExpWatchProductTypeInitialization@0 005ff876 f   ntoswrk:EXSCAN.obj
